
===========================================================================
report_checks -path_delay min (Hold)
============================================================================
======================= Typical Corner ===================================

Startpoint: _147_ (rising edge-triggered flip-flop clocked by clk)
Endpoint: _148_ (rising edge-triggered flip-flop clocked by clk)
Path Group: clk
Path Type: min

Fanout     Cap    Slew   Delay    Time   Description
-----------------------------------------------------------------------------
                          0.00    0.00   clock clk (rise edge)
                          0.00    0.00   clock source latency
     1    0.01    0.04    0.03    0.03 ^ clk (in)
                                         clk (net)
                  0.04    0.00    0.03 ^ clkbuf_0_clk/A (sky130_fd_sc_hd__clkbuf_16)
     2    0.02    0.04    0.11    0.14 ^ clkbuf_0_clk/X (sky130_fd_sc_hd__clkbuf_16)
                                         clknet_0_clk (net)
                  0.04    0.00    0.14 ^ clkbuf_1_0__f_clk/A (sky130_fd_sc_hd__clkbuf_16)
    10    0.02    0.04    0.12    0.26 ^ clkbuf_1_0__f_clk/X (sky130_fd_sc_hd__clkbuf_16)
                                         clknet_1_0__leaf_clk (net)
                  0.04    0.00    0.26 ^ _147_/CLK (sky130_fd_sc_hd__dfxtp_1)
     6    0.01    0.06    0.30    0.56 v _147_/Q (sky130_fd_sc_hd__dfxtp_1)
                                         display.refresh_counter[12] (net)
                  0.06    0.00    0.56 v _109_/B (sky130_fd_sc_hd__nand3_1)
     2    0.01    0.09    0.11    0.67 ^ _109_/Y (sky130_fd_sc_hd__nand3_1)
                                         _058_ (net)
                  0.09    0.00    0.67 ^ _110_/B1 (sky130_fd_sc_hd__o21a_1)
     1    0.00    0.03    0.11    0.77 ^ _110_/X (sky130_fd_sc_hd__o21a_1)
                                         _004_ (net)
                  0.03    0.00    0.77 ^ _148_/D (sky130_fd_sc_hd__dfxtp_1)
                                  0.77   data arrival time

                          0.00    0.00   clock clk (rise edge)
                          0.00    0.00   clock source latency
     1    0.01    0.04    0.03    0.03 ^ clk (in)
                                         clk (net)
                  0.04    0.00    0.03 ^ clkbuf_0_clk/A (sky130_fd_sc_hd__clkbuf_16)
     2    0.02    0.04    0.13    0.16 ^ clkbuf_0_clk/X (sky130_fd_sc_hd__clkbuf_16)
                                         clknet_0_clk (net)
                  0.04    0.00    0.16 ^ clkbuf_1_0__f_clk/A (sky130_fd_sc_hd__clkbuf_16)
    10    0.02    0.04    0.13    0.28 ^ clkbuf_1_0__f_clk/X (sky130_fd_sc_hd__clkbuf_16)
                                         clknet_1_0__leaf_clk (net)
                  0.04    0.00    0.28 ^ _148_/CLK (sky130_fd_sc_hd__dfxtp_1)
                          0.25    0.53   clock uncertainty
                         -0.03    0.51   clock reconvergence pessimism
                         -0.03    0.48   library hold time
                                  0.48   data required time
-----------------------------------------------------------------------------
                                  0.48   data required time
                                 -0.77   data arrival time
-----------------------------------------------------------------------------
                                  0.30   slack (MET)


Startpoint: _132_ (rising edge-triggered flip-flop clocked by clk)
Endpoint: _134_ (rising edge-triggered flip-flop clocked by clk)
Path Group: clk
Path Type: min

Fanout     Cap    Slew   Delay    Time   Description
-----------------------------------------------------------------------------
                          0.00    0.00   clock clk (rise edge)
                          0.00    0.00   clock source latency
     1    0.01    0.04    0.03    0.03 ^ clk (in)
                                         clk (net)
                  0.04    0.00    0.03 ^ clkbuf_0_clk/A (sky130_fd_sc_hd__clkbuf_16)
     2    0.02    0.04    0.11    0.14 ^ clkbuf_0_clk/X (sky130_fd_sc_hd__clkbuf_16)
                                         clknet_0_clk (net)
                  0.04    0.00    0.14 ^ clkbuf_1_1__f_clk/A (sky130_fd_sc_hd__clkbuf_16)
    10    0.02    0.04    0.12    0.26 ^ clkbuf_1_1__f_clk/X (sky130_fd_sc_hd__clkbuf_16)
                                         clknet_1_1__leaf_clk (net)
                  0.04    0.00    0.26 ^ _132_/CLK (sky130_fd_sc_hd__dfxtp_1)
     4    0.01    0.06    0.30    0.56 v _132_/Q (sky130_fd_sc_hd__dfxtp_1)
                                         display.digit_select[0] (net)
                  0.06    0.00    0.56 v _071_/A (sky130_fd_sc_hd__nand2_1)
     2    0.00    0.04    0.06    0.62 ^ _071_/Y (sky130_fd_sc_hd__nand2_1)
                                         _034_ (net)
                  0.04    0.00    0.62 ^ _130_/A (sky130_fd_sc_hd__or3_1)
     1    0.00    0.06    0.10    0.72 ^ _130_/X (sky130_fd_sc_hd__or3_1)
                                         _029_ (net)
                  0.06    0.00    0.72 ^ _131_/B (sky130_fd_sc_hd__xnor2_1)
     1    0.00    0.03    0.05    0.77 v _131_/Y (sky130_fd_sc_hd__xnor2_1)
                                         _019_ (net)
                  0.03    0.00    0.77 v _134_/D (sky130_fd_sc_hd__dfxtp_1)
                                  0.77   data arrival time

                          0.00    0.00   clock clk (rise edge)
                          0.00    0.00   clock source latency
     1    0.01    0.04    0.03    0.03 ^ clk (in)
                                         clk (net)
                  0.04    0.00    0.03 ^ clkbuf_0_clk/A (sky130_fd_sc_hd__clkbuf_16)
     2    0.02    0.04    0.13    0.16 ^ clkbuf_0_clk/X (sky130_fd_sc_hd__clkbuf_16)
                                         clknet_0_clk (net)
                  0.04    0.00    0.16 ^ clkbuf_1_1__f_clk/A (sky130_fd_sc_hd__clkbuf_16)
    10    0.02    0.04    0.13    0.28 ^ clkbuf_1_1__f_clk/X (sky130_fd_sc_hd__clkbuf_16)
                                         clknet_1_1__leaf_clk (net)
                  0.04    0.00    0.28 ^ _134_/CLK (sky130_fd_sc_hd__dfxtp_1)
                          0.25    0.53   clock uncertainty
                         -0.03    0.51   clock reconvergence pessimism
                         -0.05    0.46   library hold time
                                  0.46   data required time
-----------------------------------------------------------------------------
                                  0.46   data required time
                                 -0.77   data arrival time
-----------------------------------------------------------------------------
                                  0.30   slack (MET)


Startpoint: _147_ (rising edge-triggered flip-flop clocked by clk)
Endpoint: _147_ (rising edge-triggered flip-flop clocked by clk)
Path Group: clk
Path Type: min

Fanout     Cap    Slew   Delay    Time   Description
-----------------------------------------------------------------------------
                          0.00    0.00   clock clk (rise edge)
                          0.00    0.00   clock source latency
     1    0.01    0.04    0.03    0.03 ^ clk (in)
                                         clk (net)
                  0.04    0.00    0.03 ^ clkbuf_0_clk/A (sky130_fd_sc_hd__clkbuf_16)
     2    0.02    0.04    0.11    0.14 ^ clkbuf_0_clk/X (sky130_fd_sc_hd__clkbuf_16)
                                         clknet_0_clk (net)
                  0.04    0.00    0.14 ^ clkbuf_1_0__f_clk/A (sky130_fd_sc_hd__clkbuf_16)
    10    0.02    0.04    0.12    0.26 ^ clkbuf_1_0__f_clk/X (sky130_fd_sc_hd__clkbuf_16)
                                         clknet_1_0__leaf_clk (net)
                  0.04    0.00    0.26 ^ _147_/CLK (sky130_fd_sc_hd__dfxtp_1)
     6    0.01    0.06    0.30    0.56 v _147_/Q (sky130_fd_sc_hd__dfxtp_1)
                                         display.refresh_counter[12] (net)
                  0.06    0.00    0.56 v _106_/A (sky130_fd_sc_hd__and2_1)
     2    0.00    0.04    0.14    0.70 v _106_/X (sky130_fd_sc_hd__and2_1)
                                         _056_ (net)
                  0.04    0.00    0.70 v _108_/A (sky130_fd_sc_hd__nor2_1)
     1    0.00    0.06    0.08    0.78 ^ _108_/Y (sky130_fd_sc_hd__nor2_1)
                                         _003_ (net)
                  0.06    0.00    0.78 ^ _147_/D (sky130_fd_sc_hd__dfxtp_1)
                                  0.78   data arrival time

                          0.00    0.00   clock clk (rise edge)
                          0.00    0.00   clock source latency
     1    0.01    0.04    0.03    0.03 ^ clk (in)
                                         clk (net)
                  0.04    0.00    0.03 ^ clkbuf_0_clk/A (sky130_fd_sc_hd__clkbuf_16)
     2    0.02    0.04    0.13    0.16 ^ clkbuf_0_clk/X (sky130_fd_sc_hd__clkbuf_16)
                                         clknet_0_clk (net)
                  0.04    0.00    0.16 ^ clkbuf_1_0__f_clk/A (sky130_fd_sc_hd__clkbuf_16)
    10    0.02    0.04    0.13    0.28 ^ clkbuf_1_0__f_clk/X (sky130_fd_sc_hd__clkbuf_16)
                                         clknet_1_0__leaf_clk (net)
                  0.04    0.00    0.28 ^ _147_/CLK (sky130_fd_sc_hd__dfxtp_1)
                          0.25    0.53   clock uncertainty
                         -0.03    0.51   clock reconvergence pessimism
                         -0.03    0.47   library hold time
                                  0.47   data required time
-----------------------------------------------------------------------------
                                  0.47   data required time
                                 -0.78   data arrival time
-----------------------------------------------------------------------------
                                  0.31   slack (MET)


Startpoint: _136_ (rising edge-triggered flip-flop clocked by clk)
Endpoint: _136_ (rising edge-triggered flip-flop clocked by clk)
Path Group: clk
Path Type: min

Fanout     Cap    Slew   Delay    Time   Description
-----------------------------------------------------------------------------
                          0.00    0.00   clock clk (rise edge)
                          0.00    0.00   clock source latency
     1    0.01    0.04    0.03    0.03 ^ clk (in)
                                         clk (net)
                  0.04    0.00    0.03 ^ clkbuf_0_clk/A (sky130_fd_sc_hd__clkbuf_16)
     2    0.02    0.04    0.11    0.14 ^ clkbuf_0_clk/X (sky130_fd_sc_hd__clkbuf_16)
                                         clknet_0_clk (net)
                  0.04    0.00    0.14 ^ clkbuf_1_1__f_clk/A (sky130_fd_sc_hd__clkbuf_16)
    10    0.02    0.04    0.12    0.26 ^ clkbuf_1_1__f_clk/X (sky130_fd_sc_hd__clkbuf_16)
                                         clknet_1_1__leaf_clk (net)
                  0.04    0.00    0.26 ^ _136_/CLK (sky130_fd_sc_hd__dfxtp_1)
     4    0.01    0.05    0.29    0.55 v _136_/Q (sky130_fd_sc_hd__dfxtp_1)
                                         display.refresh_counter[1] (net)
                  0.05    0.00    0.55 v _075_/A (sky130_fd_sc_hd__nand2_1)
     2    0.01    0.07    0.07    0.62 ^ _075_/Y (sky130_fd_sc_hd__nand2_1)
                                         _036_ (net)
                  0.07    0.00    0.62 ^ _077_/A (sky130_fd_sc_hd__and2_1)
     1    0.00    0.04    0.11    0.73 ^ _077_/X (sky130_fd_sc_hd__and2_1)
                                         _038_ (net)
                  0.04    0.00    0.73 ^ _078_/A (sky130_fd_sc_hd__clkbuf_1)
     1    0.00    0.03    0.07    0.80 ^ _078_/X (sky130_fd_sc_hd__clkbuf_1)
                                         _008_ (net)
                  0.03    0.00    0.80 ^ _136_/D (sky130_fd_sc_hd__dfxtp_1)
                                  0.80   data arrival time

                          0.00    0.00   clock clk (rise edge)
                          0.00    0.00   clock source latency
     1    0.01    0.04    0.03    0.03 ^ clk (in)
                                         clk (net)
                  0.04    0.00    0.03 ^ clkbuf_0_clk/A (sky130_fd_sc_hd__clkbuf_16)
     2    0.02    0.04    0.13    0.16 ^ clkbuf_0_clk/X (sky130_fd_sc_hd__clkbuf_16)
                                         clknet_0_clk (net)
                  0.04    0.00    0.16 ^ clkbuf_1_1__f_clk/A (sky130_fd_sc_hd__clkbuf_16)
    10    0.02    0.04    0.13    0.28 ^ clkbuf_1_1__f_clk/X (sky130_fd_sc_hd__clkbuf_16)
                                         clknet_1_1__leaf_clk (net)
                  0.04    0.00    0.28 ^ _136_/CLK (sky130_fd_sc_hd__dfxtp_1)
                          0.25    0.53   clock uncertainty
                         -0.03    0.51   clock reconvergence pessimism
                         -0.03    0.48   library hold time
                                  0.48   data required time
-----------------------------------------------------------------------------
                                  0.48   data required time
                                 -0.80   data arrival time
-----------------------------------------------------------------------------
                                  0.32   slack (MET)


Startpoint: _132_ (rising edge-triggered flip-flop clocked by clk)
Endpoint: _133_ (rising edge-triggered flip-flop clocked by clk)
Path Group: clk
Path Type: min

Fanout     Cap    Slew   Delay    Time   Description
-----------------------------------------------------------------------------
                          0.00    0.00   clock clk (rise edge)
                          0.00    0.00   clock source latency
     1    0.01    0.04    0.03    0.03 ^ clk (in)
                                         clk (net)
                  0.04    0.00    0.03 ^ clkbuf_0_clk/A (sky130_fd_sc_hd__clkbuf_16)
     2    0.02    0.04    0.11    0.14 ^ clkbuf_0_clk/X (sky130_fd_sc_hd__clkbuf_16)
                                         clknet_0_clk (net)
                  0.04    0.00    0.14 ^ clkbuf_1_1__f_clk/A (sky130_fd_sc_hd__clkbuf_16)
    10    0.02    0.04    0.12    0.26 ^ clkbuf_1_1__f_clk/X (sky130_fd_sc_hd__clkbuf_16)
                                         clknet_1_1__leaf_clk (net)
                  0.04    0.00    0.26 ^ _132_/CLK (sky130_fd_sc_hd__dfxtp_1)
     4    0.01    0.06    0.30    0.56 v _132_/Q (sky130_fd_sc_hd__dfxtp_1)
                                         display.digit_select[0] (net)
                  0.06    0.00    0.56 v _066_/A (sky130_fd_sc_hd__inv_2)
     4    0.01    0.04    0.06    0.61 ^ _066_/Y (sky130_fd_sc_hd__inv_2)
                                         _031_ (net)
                  0.04    0.00    0.61 ^ _124_/A (sky130_fd_sc_hd__or3_1)
     2    0.00    0.05    0.10    0.71 ^ _124_/X (sky130_fd_sc_hd__or3_1)
                                         _025_ (net)
                  0.05    0.00    0.71 ^ _129_/A2 (sky130_fd_sc_hd__a21bo_1)
     1    0.00    0.03    0.09    0.80 ^ _129_/X (sky130_fd_sc_hd__a21bo_1)
                                         _018_ (net)
                  0.03    0.00    0.80 ^ _133_/D (sky130_fd_sc_hd__dfxtp_1)
                                  0.80   data arrival time

                          0.00    0.00   clock clk (rise edge)
                          0.00    0.00   clock source latency
     1    0.01    0.04    0.03    0.03 ^ clk (in)
                                         clk (net)
                  0.04    0.00    0.03 ^ clkbuf_0_clk/A (sky130_fd_sc_hd__clkbuf_16)
     2    0.02    0.04    0.13    0.16 ^ clkbuf_0_clk/X (sky130_fd_sc_hd__clkbuf_16)
                                         clknet_0_clk (net)
                  0.04    0.00    0.16 ^ clkbuf_1_1__f_clk/A (sky130_fd_sc_hd__clkbuf_16)
    10    0.02    0.04    0.13    0.28 ^ clkbuf_1_1__f_clk/X (sky130_fd_sc_hd__clkbuf_16)
                                         clknet_1_1__leaf_clk (net)
                  0.04    0.00    0.28 ^ _133_/CLK (sky130_fd_sc_hd__dfxtp_1)
                          0.25    0.53   clock uncertainty
                         -0.03    0.51   clock reconvergence pessimism
                         -0.03    0.48   library hold time
                                  0.48   data required time
-----------------------------------------------------------------------------
                                  0.48   data required time
                                 -0.80   data arrival time
-----------------------------------------------------------------------------
                                  0.32   slack (MET)


Startpoint: _150_ (rising edge-triggered flip-flop clocked by clk)
Endpoint: _150_ (rising edge-triggered flip-flop clocked by clk)
Path Group: clk
Path Type: min

Fanout     Cap    Slew   Delay    Time   Description
-----------------------------------------------------------------------------
                          0.00    0.00   clock clk (rise edge)
                          0.00    0.00   clock source latency
     1    0.01    0.04    0.03    0.03 ^ clk (in)
                                         clk (net)
                  0.04    0.00    0.03 ^ clkbuf_0_clk/A (sky130_fd_sc_hd__clkbuf_16)
     2    0.02    0.04    0.11    0.14 ^ clkbuf_0_clk/X (sky130_fd_sc_hd__clkbuf_16)
                                         clknet_0_clk (net)
                  0.04    0.00    0.14 ^ clkbuf_1_0__f_clk/A (sky130_fd_sc_hd__clkbuf_16)
    10    0.02    0.04    0.12    0.26 ^ clkbuf_1_0__f_clk/X (sky130_fd_sc_hd__clkbuf_16)
                                         clknet_1_0__leaf_clk (net)
                  0.04    0.00    0.26 ^ _150_/CLK (sky130_fd_sc_hd__dfxtp_1)
     3    0.01    0.07    0.30    0.56 ^ _150_/Q (sky130_fd_sc_hd__dfxtp_1)
                                         display.refresh_counter[15] (net)
                  0.07    0.00    0.56 ^ _114_/B1 (sky130_fd_sc_hd__a41o_1)
     1    0.00    0.03    0.08    0.64 ^ _114_/X (sky130_fd_sc_hd__a41o_1)
                                         _061_ (net)
                  0.03    0.00    0.64 ^ _115_/B (sky130_fd_sc_hd__and2b_1)
     1    0.00    0.04    0.10    0.74 ^ _115_/X (sky130_fd_sc_hd__and2b_1)
                                         _062_ (net)
                  0.04    0.00    0.74 ^ _116_/A (sky130_fd_sc_hd__clkbuf_1)
     1    0.00    0.03    0.07    0.80 ^ _116_/X (sky130_fd_sc_hd__clkbuf_1)
                                         _006_ (net)
                  0.03    0.00    0.80 ^ _150_/D (sky130_fd_sc_hd__dfxtp_1)
                                  0.80   data arrival time

                          0.00    0.00   clock clk (rise edge)
                          0.00    0.00   clock source latency
     1    0.01    0.04    0.03    0.03 ^ clk (in)
                                         clk (net)
                  0.04    0.00    0.03 ^ clkbuf_0_clk/A (sky130_fd_sc_hd__clkbuf_16)
     2    0.02    0.04    0.13    0.16 ^ clkbuf_0_clk/X (sky130_fd_sc_hd__clkbuf_16)
                                         clknet_0_clk (net)
                  0.04    0.00    0.16 ^ clkbuf_1_0__f_clk/A (sky130_fd_sc_hd__clkbuf_16)
    10    0.02    0.04    0.13    0.28 ^ clkbuf_1_0__f_clk/X (sky130_fd_sc_hd__clkbuf_16)
                                         clknet_1_0__leaf_clk (net)
                  0.04    0.00    0.28 ^ _150_/CLK (sky130_fd_sc_hd__dfxtp_1)
                          0.25    0.53   clock uncertainty
                         -0.03    0.51   clock reconvergence pessimism
                         -0.03    0.48   library hold time
                                  0.48   data required time
-----------------------------------------------------------------------------
                                  0.48   data required time
                                 -0.80   data arrival time
-----------------------------------------------------------------------------
                                  0.33   slack (MET)


Startpoint: _138_ (rising edge-triggered flip-flop clocked by clk)
Endpoint: _138_ (rising edge-triggered flip-flop clocked by clk)
Path Group: clk
Path Type: min

Fanout     Cap    Slew   Delay    Time   Description
-----------------------------------------------------------------------------
                          0.00    0.00   clock clk (rise edge)
                          0.00    0.00   clock source latency
     1    0.01    0.04    0.03    0.03 ^ clk (in)
                                         clk (net)
                  0.04    0.00    0.03 ^ clkbuf_0_clk/A (sky130_fd_sc_hd__clkbuf_16)
     2    0.02    0.04    0.11    0.14 ^ clkbuf_0_clk/X (sky130_fd_sc_hd__clkbuf_16)
                                         clknet_0_clk (net)
                  0.04    0.00    0.14 ^ clkbuf_1_1__f_clk/A (sky130_fd_sc_hd__clkbuf_16)
    10    0.02    0.04    0.12    0.26 ^ clkbuf_1_1__f_clk/X (sky130_fd_sc_hd__clkbuf_16)
                                         clknet_1_1__leaf_clk (net)
                  0.04    0.00    0.26 ^ _138_/CLK (sky130_fd_sc_hd__dfxtp_1)
     3    0.01    0.07    0.30    0.56 ^ _138_/Q (sky130_fd_sc_hd__dfxtp_1)
                                         display.refresh_counter[3] (net)
                  0.07    0.00    0.56 ^ _082_/B1 (sky130_fd_sc_hd__a31o_1)
     1    0.00    0.03    0.08    0.64 ^ _082_/X (sky130_fd_sc_hd__a31o_1)
                                         _041_ (net)
                  0.03    0.00    0.64 ^ _083_/B (sky130_fd_sc_hd__and2b_1)
     1    0.00    0.04    0.10    0.74 ^ _083_/X (sky130_fd_sc_hd__and2b_1)
                                         _042_ (net)
                  0.04    0.00    0.74 ^ _084_/A (sky130_fd_sc_hd__clkbuf_1)
     1    0.00    0.03    0.07    0.80 ^ _084_/X (sky130_fd_sc_hd__clkbuf_1)
                                         _010_ (net)
                  0.03    0.00    0.80 ^ _138_/D (sky130_fd_sc_hd__dfxtp_1)
                                  0.80   data arrival time

                          0.00    0.00   clock clk (rise edge)
                          0.00    0.00   clock source latency
     1    0.01    0.04    0.03    0.03 ^ clk (in)
                                         clk (net)
                  0.04    0.00    0.03 ^ clkbuf_0_clk/A (sky130_fd_sc_hd__clkbuf_16)
     2    0.02    0.04    0.13    0.16 ^ clkbuf_0_clk/X (sky130_fd_sc_hd__clkbuf_16)
                                         clknet_0_clk (net)
                  0.04    0.00    0.16 ^ clkbuf_1_1__f_clk/A (sky130_fd_sc_hd__clkbuf_16)
    10    0.02    0.04    0.13    0.28 ^ clkbuf_1_1__f_clk/X (sky130_fd_sc_hd__clkbuf_16)
                                         clknet_1_1__leaf_clk (net)
                  0.04    0.00    0.28 ^ _138_/CLK (sky130_fd_sc_hd__dfxtp_1)
                          0.25    0.53   clock uncertainty
                         -0.03    0.51   clock reconvergence pessimism
                         -0.03    0.48   library hold time
                                  0.48   data required time
-----------------------------------------------------------------------------
                                  0.48   data required time
                                 -0.80   data arrival time
-----------------------------------------------------------------------------
                                  0.33   slack (MET)


Startpoint: _144_ (rising edge-triggered flip-flop clocked by clk)
Endpoint: _146_ (rising edge-triggered flip-flop clocked by clk)
Path Group: clk
Path Type: min

Fanout     Cap    Slew   Delay    Time   Description
-----------------------------------------------------------------------------
                          0.00    0.00   clock clk (rise edge)
                          0.00    0.00   clock source latency
     1    0.01    0.04    0.03    0.03 ^ clk (in)
                                         clk (net)
                  0.04    0.00    0.03 ^ clkbuf_0_clk/A (sky130_fd_sc_hd__clkbuf_16)
     2    0.02    0.04    0.11    0.14 ^ clkbuf_0_clk/X (sky130_fd_sc_hd__clkbuf_16)
                                         clknet_0_clk (net)
                  0.04    0.00    0.14 ^ clkbuf_1_0__f_clk/A (sky130_fd_sc_hd__clkbuf_16)
    10    0.02    0.04    0.12    0.26 ^ clkbuf_1_0__f_clk/X (sky130_fd_sc_hd__clkbuf_16)
                                         clknet_1_0__leaf_clk (net)
                  0.04    0.00    0.26 ^ _144_/CLK (sky130_fd_sc_hd__dfxtp_1)
     5    0.01    0.05    0.30    0.55 v _144_/Q (sky130_fd_sc_hd__dfxtp_1)
                                         display.refresh_counter[9] (net)
                  0.05    0.00    0.55 v _102_/A (sky130_fd_sc_hd__and4_1)
     1    0.00    0.04    0.14    0.70 v _102_/X (sky130_fd_sc_hd__and4_1)
                                         _053_ (net)
                  0.04    0.00    0.70 v _103_/B (sky130_fd_sc_hd__xor2_1)
     1    0.00    0.08    0.10    0.80 ^ _103_/X (sky130_fd_sc_hd__xor2_1)
                                         _002_ (net)
                  0.08    0.00    0.80 ^ _146_/D (sky130_fd_sc_hd__dfxtp_1)
                                  0.80   data arrival time

                          0.00    0.00   clock clk (rise edge)
                          0.00    0.00   clock source latency
     1    0.01    0.04    0.03    0.03 ^ clk (in)
                                         clk (net)
                  0.04    0.00    0.03 ^ clkbuf_0_clk/A (sky130_fd_sc_hd__clkbuf_16)
     2    0.02    0.04    0.13    0.16 ^ clkbuf_0_clk/X (sky130_fd_sc_hd__clkbuf_16)
                                         clknet_0_clk (net)
                  0.04    0.00    0.16 ^ clkbuf_1_0__f_clk/A (sky130_fd_sc_hd__clkbuf_16)
    10    0.02    0.04    0.13    0.28 ^ clkbuf_1_0__f_clk/X (sky130_fd_sc_hd__clkbuf_16)
                                         clknet_1_0__leaf_clk (net)
                  0.04    0.00    0.28 ^ _146_/CLK (sky130_fd_sc_hd__dfxtp_1)
                          0.25    0.53   clock uncertainty
                         -0.03    0.51   clock reconvergence pessimism
                         -0.04    0.47   library hold time
                                  0.47   data required time
-----------------------------------------------------------------------------
                                  0.47   data required time
                                 -0.80   data arrival time
-----------------------------------------------------------------------------
                                  0.33   slack (MET)


Startpoint: _148_ (rising edge-triggered flip-flop clocked by clk)
Endpoint: _151_ (rising edge-triggered flip-flop clocked by clk)
Path Group: clk
Path Type: min

Fanout     Cap    Slew   Delay    Time   Description
-----------------------------------------------------------------------------
                          0.00    0.00   clock clk (rise edge)
                          0.00    0.00   clock source latency
     1    0.01    0.04    0.03    0.03 ^ clk (in)
                                         clk (net)
                  0.04    0.00    0.03 ^ clkbuf_0_clk/A (sky130_fd_sc_hd__clkbuf_16)
     2    0.02    0.04    0.11    0.14 ^ clkbuf_0_clk/X (sky130_fd_sc_hd__clkbuf_16)
                                         clknet_0_clk (net)
                  0.04    0.00    0.14 ^ clkbuf_1_0__f_clk/A (sky130_fd_sc_hd__clkbuf_16)
    10    0.02    0.04    0.12    0.26 ^ clkbuf_1_0__f_clk/X (sky130_fd_sc_hd__clkbuf_16)
                                         clknet_1_0__leaf_clk (net)
                  0.04    0.00    0.26 ^ _148_/CLK (sky130_fd_sc_hd__dfxtp_1)
     4    0.01    0.04    0.29    0.55 v _148_/Q (sky130_fd_sc_hd__dfxtp_1)
                                         display.refresh_counter[13] (net)
                  0.04    0.00    0.55 v _113_/A (sky130_fd_sc_hd__and4_1)
     2    0.01    0.05    0.15    0.70 v _113_/X (sky130_fd_sc_hd__and4_1)
                                         _060_ (net)
                  0.05    0.00    0.70 v _117_/B (sky130_fd_sc_hd__xor2_1)
     1    0.00    0.08    0.10    0.80 ^ _117_/X (sky130_fd_sc_hd__xor2_1)
                                         _007_ (net)
                  0.08    0.00    0.80 ^ _151_/D (sky130_fd_sc_hd__dfxtp_1)
                                  0.80   data arrival time

                          0.00    0.00   clock clk (rise edge)
                          0.00    0.00   clock source latency
     1    0.01    0.04    0.03    0.03 ^ clk (in)
                                         clk (net)
                  0.04    0.00    0.03 ^ clkbuf_0_clk/A (sky130_fd_sc_hd__clkbuf_16)
     2    0.02    0.04    0.13    0.16 ^ clkbuf_0_clk/X (sky130_fd_sc_hd__clkbuf_16)
                                         clknet_0_clk (net)
                  0.04    0.00    0.16 ^ clkbuf_1_0__f_clk/A (sky130_fd_sc_hd__clkbuf_16)
    10    0.02    0.04    0.13    0.28 ^ clkbuf_1_0__f_clk/X (sky130_fd_sc_hd__clkbuf_16)
                                         clknet_1_0__leaf_clk (net)
                  0.04    0.00    0.28 ^ _151_/CLK (sky130_fd_sc_hd__dfxtp_1)
                          0.25    0.53   clock uncertainty
                         -0.03    0.51   clock reconvergence pessimism
                         -0.04    0.47   library hold time
                                  0.47   data required time
-----------------------------------------------------------------------------
                                  0.47   data required time
                                 -0.80   data arrival time
-----------------------------------------------------------------------------
                                  0.33   slack (MET)


Startpoint: _144_ (rising edge-triggered flip-flop clocked by clk)
Endpoint: _145_ (rising edge-triggered flip-flop clocked by clk)
Path Group: clk
Path Type: min

Fanout     Cap    Slew   Delay    Time   Description
-----------------------------------------------------------------------------
                          0.00    0.00   clock clk (rise edge)
                          0.00    0.00   clock source latency
     1    0.01    0.04    0.03    0.03 ^ clk (in)
                                         clk (net)
                  0.04    0.00    0.03 ^ clkbuf_0_clk/A (sky130_fd_sc_hd__clkbuf_16)
     2    0.02    0.04    0.11    0.14 ^ clkbuf_0_clk/X (sky130_fd_sc_hd__clkbuf_16)
                                         clknet_0_clk (net)
                  0.04    0.00    0.14 ^ clkbuf_1_0__f_clk/A (sky130_fd_sc_hd__clkbuf_16)
    10    0.02    0.04    0.12    0.26 ^ clkbuf_1_0__f_clk/X (sky130_fd_sc_hd__clkbuf_16)
                                         clknet_1_0__leaf_clk (net)
                  0.04    0.00    0.26 ^ _144_/CLK (sky130_fd_sc_hd__dfxtp_1)
     5    0.01    0.05    0.30    0.55 v _144_/Q (sky130_fd_sc_hd__dfxtp_1)
                                         display.refresh_counter[9] (net)
                  0.05    0.00    0.55 v _097_/A (sky130_fd_sc_hd__and3_1)
     2    0.01    0.05    0.15    0.70 v _097_/X (sky130_fd_sc_hd__and3_1)
                                         _050_ (net)
                  0.05    0.00    0.70 v _101_/B (sky130_fd_sc_hd__xor2_1)
     1    0.00    0.08    0.10    0.80 ^ _101_/X (sky130_fd_sc_hd__xor2_1)
                                         _001_ (net)
                  0.08    0.00    0.80 ^ _145_/D (sky130_fd_sc_hd__dfxtp_1)
                                  0.80   data arrival time

                          0.00    0.00   clock clk (rise edge)
                          0.00    0.00   clock source latency
     1    0.01    0.04    0.03    0.03 ^ clk (in)
                                         clk (net)
                  0.04    0.00    0.03 ^ clkbuf_0_clk/A (sky130_fd_sc_hd__clkbuf_16)
     2    0.02    0.04    0.13    0.16 ^ clkbuf_0_clk/X (sky130_fd_sc_hd__clkbuf_16)
                                         clknet_0_clk (net)
                  0.04    0.00    0.16 ^ clkbuf_1_0__f_clk/A (sky130_fd_sc_hd__clkbuf_16)
    10    0.02    0.04    0.13    0.28 ^ clkbuf_1_0__f_clk/X (sky130_fd_sc_hd__clkbuf_16)
                                         clknet_1_0__leaf_clk (net)
                  0.04    0.00    0.28 ^ _145_/CLK (sky130_fd_sc_hd__dfxtp_1)
                          0.25    0.53   clock uncertainty
                         -0.03    0.51   clock reconvergence pessimism
                         -0.04    0.47   library hold time
                                  0.47   data required time
-----------------------------------------------------------------------------
                                  0.47   data required time
                                 -0.80   data arrival time
-----------------------------------------------------------------------------
                                  0.33   slack (MET)


Startpoint: _140_ (rising edge-triggered flip-flop clocked by clk)
Endpoint: _142_ (rising edge-triggered flip-flop clocked by clk)
Path Group: clk
Path Type: min

Fanout     Cap    Slew   Delay    Time   Description
-----------------------------------------------------------------------------
                          0.00    0.00   clock clk (rise edge)
                          0.00    0.00   clock source latency
     1    0.01    0.04    0.03    0.03 ^ clk (in)
                                         clk (net)
                  0.04    0.00    0.03 ^ clkbuf_0_clk/A (sky130_fd_sc_hd__clkbuf_16)
     2    0.02    0.04    0.11    0.14 ^ clkbuf_0_clk/X (sky130_fd_sc_hd__clkbuf_16)
                                         clknet_0_clk (net)
                  0.04    0.00    0.14 ^ clkbuf_1_1__f_clk/A (sky130_fd_sc_hd__clkbuf_16)
    10    0.02    0.04    0.12    0.26 ^ clkbuf_1_1__f_clk/X (sky130_fd_sc_hd__clkbuf_16)
                                         clknet_1_1__leaf_clk (net)
                  0.04    0.00    0.26 ^ _140_/CLK (sky130_fd_sc_hd__dfxtp_1)
     5    0.01    0.05    0.30    0.55 v _140_/Q (sky130_fd_sc_hd__dfxtp_1)
                                         display.refresh_counter[5] (net)
                  0.05    0.00    0.55 v _088_/A (sky130_fd_sc_hd__and4_1)
     2    0.00    0.04    0.14    0.70 v _088_/X (sky130_fd_sc_hd__and4_1)
                                         _044_ (net)
                  0.04    0.00    0.70 v _092_/B (sky130_fd_sc_hd__nor2_1)
     1    0.00    0.07    0.07    0.77 ^ _092_/Y (sky130_fd_sc_hd__nor2_1)
                                         _047_ (net)
                  0.07    0.00    0.77 ^ _095_/A (sky130_fd_sc_hd__nor2_1)
     1    0.00    0.03    0.04    0.81 v _095_/Y (sky130_fd_sc_hd__nor2_1)
                                         _014_ (net)
                  0.03    0.00    0.81 v _142_/D (sky130_fd_sc_hd__dfxtp_1)
                                  0.81   data arrival time

                          0.00    0.00   clock clk (rise edge)
                          0.00    0.00   clock source latency
     1    0.01    0.04    0.03    0.03 ^ clk (in)
                                         clk (net)
                  0.04    0.00    0.03 ^ clkbuf_0_clk/A (sky130_fd_sc_hd__clkbuf_16)
     2    0.02    0.04    0.13    0.16 ^ clkbuf_0_clk/X (sky130_fd_sc_hd__clkbuf_16)
                                         clknet_0_clk (net)
                  0.04    0.00    0.16 ^ clkbuf_1_0__f_clk/A (sky130_fd_sc_hd__clkbuf_16)
    10    0.02    0.04    0.13    0.28 ^ clkbuf_1_0__f_clk/X (sky130_fd_sc_hd__clkbuf_16)
                                         clknet_1_0__leaf_clk (net)
                  0.04    0.00    0.28 ^ _142_/CLK (sky130_fd_sc_hd__dfxtp_1)
                          0.25    0.53   clock uncertainty
                         -0.01    0.52   clock reconvergence pessimism
                         -0.05    0.47   library hold time
                                  0.47   data required time
-----------------------------------------------------------------------------
                                  0.47   data required time
                                 -0.81   data arrival time
-----------------------------------------------------------------------------
                                  0.34   slack (MET)


Startpoint: _141_ (rising edge-triggered flip-flop clocked by clk)
Endpoint: _141_ (rising edge-triggered flip-flop clocked by clk)
Path Group: clk
Path Type: min

Fanout     Cap    Slew   Delay    Time   Description
-----------------------------------------------------------------------------
                          0.00    0.00   clock clk (rise edge)
                          0.00    0.00   clock source latency
     1    0.01    0.04    0.03    0.03 ^ clk (in)
                                         clk (net)
                  0.04    0.00    0.03 ^ clkbuf_0_clk/A (sky130_fd_sc_hd__clkbuf_16)
     2    0.02    0.04    0.11    0.14 ^ clkbuf_0_clk/X (sky130_fd_sc_hd__clkbuf_16)
                                         clknet_0_clk (net)
                  0.04    0.00    0.14 ^ clkbuf_1_1__f_clk/A (sky130_fd_sc_hd__clkbuf_16)
    10    0.02    0.04    0.12    0.26 ^ clkbuf_1_1__f_clk/X (sky130_fd_sc_hd__clkbuf_16)
                                         clknet_1_1__leaf_clk (net)
                  0.04    0.00    0.26 ^ _141_/CLK (sky130_fd_sc_hd__dfxtp_1)
     4    0.01    0.08    0.31    0.57 ^ _141_/Q (sky130_fd_sc_hd__dfxtp_1)
                                         display.refresh_counter[6] (net)
                  0.08    0.00    0.57 ^ _089_/B1 (sky130_fd_sc_hd__a31o_1)
     1    0.00    0.03    0.09    0.66 ^ _089_/X (sky130_fd_sc_hd__a31o_1)
                                         _045_ (net)
                  0.03    0.00    0.66 ^ _090_/B (sky130_fd_sc_hd__and2b_1)
     1    0.00    0.04    0.10    0.76 ^ _090_/X (sky130_fd_sc_hd__and2b_1)
                                         _046_ (net)
                  0.04    0.00    0.76 ^ _091_/A (sky130_fd_sc_hd__clkbuf_1)
     1    0.00    0.03    0.07    0.82 ^ _091_/X (sky130_fd_sc_hd__clkbuf_1)
                                         _013_ (net)
                  0.03    0.00    0.82 ^ _141_/D (sky130_fd_sc_hd__dfxtp_1)
                                  0.82   data arrival time

                          0.00    0.00   clock clk (rise edge)
                          0.00    0.00   clock source latency
     1    0.01    0.04    0.03    0.03 ^ clk (in)
                                         clk (net)
                  0.04    0.00    0.03 ^ clkbuf_0_clk/A (sky130_fd_sc_hd__clkbuf_16)
     2    0.02    0.04    0.13    0.16 ^ clkbuf_0_clk/X (sky130_fd_sc_hd__clkbuf_16)
                                         clknet_0_clk (net)
                  0.04    0.00    0.16 ^ clkbuf_1_1__f_clk/A (sky130_fd_sc_hd__clkbuf_16)
    10    0.02    0.04    0.13    0.28 ^ clkbuf_1_1__f_clk/X (sky130_fd_sc_hd__clkbuf_16)
                                         clknet_1_1__leaf_clk (net)
                  0.04    0.00    0.28 ^ _141_/CLK (sky130_fd_sc_hd__dfxtp_1)
                          0.25    0.53   clock uncertainty
                         -0.03    0.51   clock reconvergence pessimism
                         -0.03    0.48   library hold time
                                  0.48   data required time
-----------------------------------------------------------------------------
                                  0.48   data required time
                                 -0.82   data arrival time
-----------------------------------------------------------------------------
                                  0.34   slack (MET)


Startpoint: _144_ (rising edge-triggered flip-flop clocked by clk)
Endpoint: _144_ (rising edge-triggered flip-flop clocked by clk)
Path Group: clk
Path Type: min

Fanout     Cap    Slew   Delay    Time   Description
-----------------------------------------------------------------------------
                          0.00    0.00   clock clk (rise edge)
                          0.00    0.00   clock source latency
     1    0.01    0.04    0.03    0.03 ^ clk (in)
                                         clk (net)
                  0.04    0.00    0.03 ^ clkbuf_0_clk/A (sky130_fd_sc_hd__clkbuf_16)
     2    0.02    0.04    0.11    0.14 ^ clkbuf_0_clk/X (sky130_fd_sc_hd__clkbuf_16)
                                         clknet_0_clk (net)
                  0.04    0.00    0.14 ^ clkbuf_1_0__f_clk/A (sky130_fd_sc_hd__clkbuf_16)
    10    0.02    0.04    0.12    0.26 ^ clkbuf_1_0__f_clk/X (sky130_fd_sc_hd__clkbuf_16)
                                         clknet_1_0__leaf_clk (net)
                  0.04    0.00    0.26 ^ _144_/CLK (sky130_fd_sc_hd__dfxtp_1)
     5    0.01    0.09    0.32    0.58 ^ _144_/Q (sky130_fd_sc_hd__dfxtp_1)
                                         display.refresh_counter[9] (net)
                  0.09    0.00    0.58 ^ _098_/B1 (sky130_fd_sc_hd__a31o_1)
     1    0.00    0.03    0.09    0.67 ^ _098_/X (sky130_fd_sc_hd__a31o_1)
                                         _051_ (net)
                  0.03    0.00    0.67 ^ _099_/B (sky130_fd_sc_hd__and2b_1)
     1    0.00    0.04    0.10    0.77 ^ _099_/X (sky130_fd_sc_hd__and2b_1)
                                         _052_ (net)
                  0.04    0.00    0.77 ^ _100_/A (sky130_fd_sc_hd__clkbuf_1)
     1    0.00    0.03    0.07    0.83 ^ _100_/X (sky130_fd_sc_hd__clkbuf_1)
                                         _016_ (net)
                  0.03    0.00    0.83 ^ _144_/D (sky130_fd_sc_hd__dfxtp_1)
                                  0.83   data arrival time

                          0.00    0.00   clock clk (rise edge)
                          0.00    0.00   clock source latency
     1    0.01    0.04    0.03    0.03 ^ clk (in)
                                         clk (net)
                  0.04    0.00    0.03 ^ clkbuf_0_clk/A (sky130_fd_sc_hd__clkbuf_16)
     2    0.02    0.04    0.13    0.16 ^ clkbuf_0_clk/X (sky130_fd_sc_hd__clkbuf_16)
                                         clknet_0_clk (net)
                  0.04    0.00    0.16 ^ clkbuf_1_0__f_clk/A (sky130_fd_sc_hd__clkbuf_16)
    10    0.02    0.04    0.13    0.28 ^ clkbuf_1_0__f_clk/X (sky130_fd_sc_hd__clkbuf_16)
                                         clknet_1_0__leaf_clk (net)
                  0.04    0.00    0.28 ^ _144_/CLK (sky130_fd_sc_hd__dfxtp_1)
                          0.25    0.53   clock uncertainty
                         -0.03    0.51   clock reconvergence pessimism
                         -0.03    0.48   library hold time
                                  0.48   data required time
-----------------------------------------------------------------------------
                                  0.48   data required time
                                 -0.83   data arrival time
-----------------------------------------------------------------------------
                                  0.35   slack (MET)


Startpoint: _132_ (rising edge-triggered flip-flop clocked by clk)
Endpoint: _132_ (rising edge-triggered flip-flop clocked by clk)
Path Group: clk
Path Type: min

Fanout     Cap    Slew   Delay    Time   Description
-----------------------------------------------------------------------------
                          0.00    0.00   clock clk (rise edge)
                          0.00    0.00   clock source latency
     1    0.01    0.04    0.03    0.03 ^ clk (in)
                                         clk (net)
                  0.04    0.00    0.03 ^ clkbuf_0_clk/A (sky130_fd_sc_hd__clkbuf_16)
     2    0.02    0.04    0.11    0.14 ^ clkbuf_0_clk/X (sky130_fd_sc_hd__clkbuf_16)
                                         clknet_0_clk (net)
                  0.04    0.00    0.14 ^ clkbuf_1_1__f_clk/A (sky130_fd_sc_hd__clkbuf_16)
    10    0.02    0.04    0.12    0.26 ^ clkbuf_1_1__f_clk/X (sky130_fd_sc_hd__clkbuf_16)
                                         clknet_1_1__leaf_clk (net)
                  0.04    0.00    0.26 ^ _132_/CLK (sky130_fd_sc_hd__dfxtp_1)
     4    0.01    0.11    0.33    0.59 ^ _132_/Q (sky130_fd_sc_hd__dfxtp_1)
                                         display.digit_select[0] (net)
                  0.11    0.00    0.59 ^ _066_/A (sky130_fd_sc_hd__inv_2)
     4    0.01    0.03    0.04    0.63 v _066_/Y (sky130_fd_sc_hd__inv_2)
                                         _031_ (net)
                  0.03    0.00    0.63 v _125_/B1 (sky130_fd_sc_hd__o21ai_1)
     1    0.00    0.06    0.05    0.68 ^ _125_/Y (sky130_fd_sc_hd__o21ai_1)
                                         _026_ (net)
                  0.06    0.00    0.68 ^ _126_/B (sky130_fd_sc_hd__and2_1)
     1    0.00    0.04    0.11    0.79 ^ _126_/X (sky130_fd_sc_hd__and2_1)
                                         _027_ (net)
                  0.04    0.00    0.79 ^ _127_/A (sky130_fd_sc_hd__clkbuf_1)
     1    0.00    0.03    0.07    0.86 ^ _127_/X (sky130_fd_sc_hd__clkbuf_1)
                                         _017_ (net)
                  0.03    0.00    0.86 ^ _132_/D (sky130_fd_sc_hd__dfxtp_1)
                                  0.86   data arrival time

                          0.00    0.00   clock clk (rise edge)
                          0.00    0.00   clock source latency
     1    0.01    0.04    0.03    0.03 ^ clk (in)
                                         clk (net)
                  0.04    0.00    0.03 ^ clkbuf_0_clk/A (sky130_fd_sc_hd__clkbuf_16)
     2    0.02    0.04    0.13    0.16 ^ clkbuf_0_clk/X (sky130_fd_sc_hd__clkbuf_16)
                                         clknet_0_clk (net)
                  0.04    0.00    0.16 ^ clkbuf_1_1__f_clk/A (sky130_fd_sc_hd__clkbuf_16)
    10    0.02    0.04    0.13    0.28 ^ clkbuf_1_1__f_clk/X (sky130_fd_sc_hd__clkbuf_16)
                                         clknet_1_1__leaf_clk (net)
                  0.04    0.00    0.28 ^ _132_/CLK (sky130_fd_sc_hd__dfxtp_1)
                          0.25    0.53   clock uncertainty
                         -0.03    0.51   clock reconvergence pessimism
                         -0.03    0.48   library hold time
                                  0.48   data required time
-----------------------------------------------------------------------------
                                  0.48   data required time
                                 -0.86   data arrival time
-----------------------------------------------------------------------------
                                  0.38   slack (MET)


Startpoint: _136_ (rising edge-triggered flip-flop clocked by clk)
Endpoint: _139_ (rising edge-triggered flip-flop clocked by clk)
Path Group: clk
Path Type: min

Fanout     Cap    Slew   Delay    Time   Description
-----------------------------------------------------------------------------
                          0.00    0.00   clock clk (rise edge)
                          0.00    0.00   clock source latency
     1    0.01    0.04    0.03    0.03 ^ clk (in)
                                         clk (net)
                  0.04    0.00    0.03 ^ clkbuf_0_clk/A (sky130_fd_sc_hd__clkbuf_16)
     2    0.02    0.04    0.11    0.14 ^ clkbuf_0_clk/X (sky130_fd_sc_hd__clkbuf_16)
                                         clknet_0_clk (net)
                  0.04    0.00    0.14 ^ clkbuf_1_1__f_clk/A (sky130_fd_sc_hd__clkbuf_16)
    10    0.02    0.04    0.12    0.26 ^ clkbuf_1_1__f_clk/X (sky130_fd_sc_hd__clkbuf_16)
                                         clknet_1_1__leaf_clk (net)
                  0.04    0.00    0.26 ^ _136_/CLK (sky130_fd_sc_hd__dfxtp_1)
     4    0.01    0.05    0.29    0.55 v _136_/Q (sky130_fd_sc_hd__dfxtp_1)
                                         display.refresh_counter[1] (net)
                  0.05    0.00    0.55 v _080_/A (sky130_fd_sc_hd__and4_1)
     1    0.00    0.03    0.13    0.68 v _080_/X (sky130_fd_sc_hd__and4_1)
                                         _039_ (net)
                  0.03    0.00    0.68 v _081_/A (sky130_fd_sc_hd__clkbuf_2)
     8    0.02    0.07    0.13    0.81 v _081_/X (sky130_fd_sc_hd__clkbuf_2)
                                         _040_ (net)
                  0.07    0.00    0.81 v _085_/B (sky130_fd_sc_hd__xor2_1)
     1    0.00    0.08    0.11    0.92 ^ _085_/X (sky130_fd_sc_hd__xor2_1)
                                         _011_ (net)
                  0.08    0.00    0.92 ^ _139_/D (sky130_fd_sc_hd__dfxtp_1)
                                  0.92   data arrival time

                          0.00    0.00   clock clk (rise edge)
                          0.00    0.00   clock source latency
     1    0.01    0.04    0.03    0.03 ^ clk (in)
                                         clk (net)
                  0.04    0.00    0.03 ^ clkbuf_0_clk/A (sky130_fd_sc_hd__clkbuf_16)
     2    0.02    0.04    0.13    0.16 ^ clkbuf_0_clk/X (sky130_fd_sc_hd__clkbuf_16)
                                         clknet_0_clk (net)
                  0.04    0.00    0.16 ^ clkbuf_1_1__f_clk/A (sky130_fd_sc_hd__clkbuf_16)
    10    0.02    0.04    0.13    0.28 ^ clkbuf_1_1__f_clk/X (sky130_fd_sc_hd__clkbuf_16)
                                         clknet_1_1__leaf_clk (net)
                  0.04    0.00    0.28 ^ _139_/CLK (sky130_fd_sc_hd__dfxtp_1)
                          0.25    0.53   clock uncertainty
                         -0.03    0.51   clock reconvergence pessimism
                         -0.04    0.47   library hold time
                                  0.47   data required time
-----------------------------------------------------------------------------
                                  0.47   data required time
                                 -0.92   data arrival time
-----------------------------------------------------------------------------
                                  0.45   slack (MET)


Startpoint: _140_ (rising edge-triggered flip-flop clocked by clk)
Endpoint: _143_ (rising edge-triggered flip-flop clocked by clk)
Path Group: clk
Path Type: min

Fanout     Cap    Slew   Delay    Time   Description
-----------------------------------------------------------------------------
                          0.00    0.00   clock clk (rise edge)
                          0.00    0.00   clock source latency
     1    0.01    0.04    0.03    0.03 ^ clk (in)
                                         clk (net)
                  0.04    0.00    0.03 ^ clkbuf_0_clk/A (sky130_fd_sc_hd__clkbuf_16)
     2    0.02    0.04    0.11    0.14 ^ clkbuf_0_clk/X (sky130_fd_sc_hd__clkbuf_16)
                                         clknet_0_clk (net)
                  0.04    0.00    0.14 ^ clkbuf_1_1__f_clk/A (sky130_fd_sc_hd__clkbuf_16)
    10    0.02    0.04    0.12    0.26 ^ clkbuf_1_1__f_clk/X (sky130_fd_sc_hd__clkbuf_16)
                                         clknet_1_1__leaf_clk (net)
                  0.04    0.00    0.26 ^ _140_/CLK (sky130_fd_sc_hd__dfxtp_1)
     5    0.01    0.05    0.30    0.55 v _140_/Q (sky130_fd_sc_hd__dfxtp_1)
                                         display.refresh_counter[5] (net)
                  0.05    0.00    0.55 v _093_/A (sky130_fd_sc_hd__and4_1)
     3    0.01    0.04    0.15    0.70 v _093_/X (sky130_fd_sc_hd__and4_1)
                                         _048_ (net)
                  0.04    0.00    0.70 v _094_/B (sky130_fd_sc_hd__and2_1)
     4    0.01    0.06    0.17    0.87 v _094_/X (sky130_fd_sc_hd__and2_1)
                                         _049_ (net)
                  0.06    0.00    0.87 v _096_/B (sky130_fd_sc_hd__xor2_1)
     1    0.00    0.08    0.11    0.98 ^ _096_/X (sky130_fd_sc_hd__xor2_1)
                                         _015_ (net)
                  0.08    0.00    0.98 ^ _143_/D (sky130_fd_sc_hd__dfxtp_1)
                                  0.98   data arrival time

                          0.00    0.00   clock clk (rise edge)
                          0.00    0.00   clock source latency
     1    0.01    0.04    0.03    0.03 ^ clk (in)
                                         clk (net)
                  0.04    0.00    0.03 ^ clkbuf_0_clk/A (sky130_fd_sc_hd__clkbuf_16)
     2    0.02    0.04    0.13    0.16 ^ clkbuf_0_clk/X (sky130_fd_sc_hd__clkbuf_16)
                                         clknet_0_clk (net)
                  0.04    0.00    0.16 ^ clkbuf_1_0__f_clk/A (sky130_fd_sc_hd__clkbuf_16)
    10    0.02    0.04    0.13    0.28 ^ clkbuf_1_0__f_clk/X (sky130_fd_sc_hd__clkbuf_16)
                                         clknet_1_0__leaf_clk (net)
                  0.04    0.00    0.28 ^ _143_/CLK (sky130_fd_sc_hd__dfxtp_1)
                          0.25    0.53   clock uncertainty
                         -0.01    0.52   clock reconvergence pessimism
                         -0.04    0.48   library hold time
                                  0.48   data required time
-----------------------------------------------------------------------------
                                  0.48   data required time
                                 -0.98   data arrival time
-----------------------------------------------------------------------------
                                  0.50   slack (MET)


Startpoint: _135_ (rising edge-triggered flip-flop clocked by clk)
Endpoint: _135_ (rising edge-triggered flip-flop clocked by clk)
Path Group: clk
Path Type: min

Fanout     Cap    Slew   Delay    Time   Description
-----------------------------------------------------------------------------
                          0.00    0.00   clock clk (rise edge)
                          0.00    0.00   clock source latency
     1    0.01    0.04    0.03    0.03 ^ clk (in)
                                         clk (net)
                  0.04    0.00    0.03 ^ clkbuf_0_clk/A (sky130_fd_sc_hd__clkbuf_16)
     2    0.02    0.04    0.11    0.14 ^ clkbuf_0_clk/X (sky130_fd_sc_hd__clkbuf_16)
                                         clknet_0_clk (net)
                  0.04    0.00    0.14 ^ clkbuf_1_1__f_clk/A (sky130_fd_sc_hd__clkbuf_16)
    10    0.02    0.04    0.12    0.26 ^ clkbuf_1_1__f_clk/X (sky130_fd_sc_hd__clkbuf_16)
                                         clknet_1_1__leaf_clk (net)
                  0.04    0.00    0.26 ^ _135_/CLK (sky130_fd_sc_hd__dfxtp_1)
     4    0.01    0.04    0.29    0.55 v _135_/Q (sky130_fd_sc_hd__dfxtp_1)
                                         display.refresh_counter[0] (net)
                  0.04    0.00    0.55 v hold1/A (sky130_fd_sc_hd__dlygate4sd3_1)
     2    0.01    0.07    0.54    1.09 v hold1/X (sky130_fd_sc_hd__dlygate4sd3_1)
                                         net44 (net)
                  0.07    0.00    1.09 v _074_/A (sky130_fd_sc_hd__inv_2)
     1    0.00    0.03    0.04    1.14 ^ _074_/Y (sky130_fd_sc_hd__inv_2)
                                         _000_ (net)
                  0.03    0.00    1.14 ^ _135_/D (sky130_fd_sc_hd__dfxtp_1)
                                  1.14   data arrival time

                          0.00    0.00   clock clk (rise edge)
                          0.00    0.00   clock source latency
     1    0.01    0.04    0.03    0.03 ^ clk (in)
                                         clk (net)
                  0.04    0.00    0.03 ^ clkbuf_0_clk/A (sky130_fd_sc_hd__clkbuf_16)
     2    0.02    0.04    0.13    0.16 ^ clkbuf_0_clk/X (sky130_fd_sc_hd__clkbuf_16)
                                         clknet_0_clk (net)
                  0.04    0.00    0.16 ^ clkbuf_1_1__f_clk/A (sky130_fd_sc_hd__clkbuf_16)
    10    0.02    0.04    0.13    0.28 ^ clkbuf_1_1__f_clk/X (sky130_fd_sc_hd__clkbuf_16)
                                         clknet_1_1__leaf_clk (net)
                  0.04    0.00    0.28 ^ _135_/CLK (sky130_fd_sc_hd__dfxtp_1)
                          0.25    0.53   clock uncertainty
                         -0.03    0.51   clock reconvergence pessimism
                         -0.03    0.48   library hold time
                                  0.48   data required time
-----------------------------------------------------------------------------
                                  0.48   data required time
                                 -1.14   data arrival time
-----------------------------------------------------------------------------
                                  0.66   slack (MET)


Startpoint: _136_ (rising edge-triggered flip-flop clocked by clk)
Endpoint: _137_ (rising edge-triggered flip-flop clocked by clk)
Path Group: clk
Path Type: min

Fanout     Cap    Slew   Delay    Time   Description
-----------------------------------------------------------------------------
                          0.00    0.00   clock clk (rise edge)
                          0.00    0.00   clock source latency
     1    0.01    0.04    0.03    0.03 ^ clk (in)
                                         clk (net)
                  0.04    0.00    0.03 ^ clkbuf_0_clk/A (sky130_fd_sc_hd__clkbuf_16)
     2    0.02    0.04    0.11    0.14 ^ clkbuf_0_clk/X (sky130_fd_sc_hd__clkbuf_16)
                                         clknet_0_clk (net)
                  0.04    0.00    0.14 ^ clkbuf_1_1__f_clk/A (sky130_fd_sc_hd__clkbuf_16)
    10    0.02    0.04    0.12    0.26 ^ clkbuf_1_1__f_clk/X (sky130_fd_sc_hd__clkbuf_16)
                                         clknet_1_1__leaf_clk (net)
                  0.04    0.00    0.26 ^ _136_/CLK (sky130_fd_sc_hd__dfxtp_1)
     4    0.01    0.05    0.29    0.55 v _136_/Q (sky130_fd_sc_hd__dfxtp_1)
                                         display.refresh_counter[1] (net)
                  0.05    0.00    0.55 v _075_/A (sky130_fd_sc_hd__nand2_1)
     2    0.01    0.07    0.07    0.62 ^ _075_/Y (sky130_fd_sc_hd__nand2_1)
                                         _036_ (net)
                  0.07    0.00    0.62 ^ _079_/B (sky130_fd_sc_hd__xnor2_1)
     1    0.00    0.03    0.05    0.67 v _079_/Y (sky130_fd_sc_hd__xnor2_1)
                                         _009_ (net)
                  0.03    0.00    0.67 v hold9/A (sky130_fd_sc_hd__dlygate4sd3_1)
     1    0.00    0.05    0.50    1.18 v hold9/X (sky130_fd_sc_hd__dlygate4sd3_1)
                                         net52 (net)
                  0.05    0.00    1.18 v _137_/D (sky130_fd_sc_hd__dfxtp_1)
                                  1.18   data arrival time

                          0.00    0.00   clock clk (rise edge)
                          0.00    0.00   clock source latency
     1    0.01    0.04    0.03    0.03 ^ clk (in)
                                         clk (net)
                  0.04    0.00    0.03 ^ clkbuf_0_clk/A (sky130_fd_sc_hd__clkbuf_16)
     2    0.02    0.04    0.13    0.16 ^ clkbuf_0_clk/X (sky130_fd_sc_hd__clkbuf_16)
                                         clknet_0_clk (net)
                  0.04    0.00    0.16 ^ clkbuf_1_1__f_clk/A (sky130_fd_sc_hd__clkbuf_16)
    10    0.02    0.04    0.13    0.28 ^ clkbuf_1_1__f_clk/X (sky130_fd_sc_hd__clkbuf_16)
                                         clknet_1_1__leaf_clk (net)
                  0.04    0.00    0.28 ^ _137_/CLK (sky130_fd_sc_hd__dfxtp_1)
                          0.25    0.53   clock uncertainty
                         -0.03    0.51   clock reconvergence pessimism
                         -0.06    0.45   library hold time
                                  0.45   data required time
-----------------------------------------------------------------------------
                                  0.45   data required time
                                 -1.18   data arrival time
-----------------------------------------------------------------------------
                                  0.73   slack (MET)


Startpoint: _139_ (rising edge-triggered flip-flop clocked by clk)
Endpoint: _140_ (rising edge-triggered flip-flop clocked by clk)
Path Group: clk
Path Type: min

Fanout     Cap    Slew   Delay    Time   Description
-----------------------------------------------------------------------------
                          0.00    0.00   clock clk (rise edge)
                          0.00    0.00   clock source latency
     1    0.01    0.04    0.03    0.03 ^ clk (in)
                                         clk (net)
                  0.04    0.00    0.03 ^ clkbuf_0_clk/A (sky130_fd_sc_hd__clkbuf_16)
     2    0.02    0.04    0.11    0.14 ^ clkbuf_0_clk/X (sky130_fd_sc_hd__clkbuf_16)
                                         clknet_0_clk (net)
                  0.04    0.00    0.14 ^ clkbuf_1_1__f_clk/A (sky130_fd_sc_hd__clkbuf_16)
    10    0.02    0.04    0.12    0.26 ^ clkbuf_1_1__f_clk/X (sky130_fd_sc_hd__clkbuf_16)
                                         clknet_1_1__leaf_clk (net)
                  0.04    0.00    0.26 ^ _139_/CLK (sky130_fd_sc_hd__dfxtp_1)
     6    0.01    0.06    0.30    0.56 v _139_/Q (sky130_fd_sc_hd__dfxtp_1)
                                         display.refresh_counter[4] (net)
                  0.06    0.00    0.56 v _086_/A (sky130_fd_sc_hd__nand2_1)
     1    0.00    0.06    0.07    0.63 ^ _086_/Y (sky130_fd_sc_hd__nand2_1)
                                         _043_ (net)
                  0.06    0.00    0.63 ^ _087_/B (sky130_fd_sc_hd__xnor2_1)
     1    0.00    0.03    0.05    0.68 v _087_/Y (sky130_fd_sc_hd__xnor2_1)
                                         _012_ (net)
                  0.03    0.00    0.68 v hold12/A (sky130_fd_sc_hd__dlygate4sd3_1)
     1    0.00    0.05    0.50    1.18 v hold12/X (sky130_fd_sc_hd__dlygate4sd3_1)
                                         net55 (net)
                  0.05    0.00    1.18 v _140_/D (sky130_fd_sc_hd__dfxtp_1)
                                  1.18   data arrival time

                          0.00    0.00   clock clk (rise edge)
                          0.00    0.00   clock source latency
     1    0.01    0.04    0.03    0.03 ^ clk (in)
                                         clk (net)
                  0.04    0.00    0.03 ^ clkbuf_0_clk/A (sky130_fd_sc_hd__clkbuf_16)
     2    0.02    0.04    0.13    0.16 ^ clkbuf_0_clk/X (sky130_fd_sc_hd__clkbuf_16)
                                         clknet_0_clk (net)
                  0.04    0.00    0.16 ^ clkbuf_1_1__f_clk/A (sky130_fd_sc_hd__clkbuf_16)
    10    0.02    0.04    0.13    0.28 ^ clkbuf_1_1__f_clk/X (sky130_fd_sc_hd__clkbuf_16)
                                         clknet_1_1__leaf_clk (net)
                  0.04    0.00    0.28 ^ _140_/CLK (sky130_fd_sc_hd__dfxtp_1)
                          0.25    0.53   clock uncertainty
                         -0.03    0.51   clock reconvergence pessimism
                         -0.06    0.45   library hold time
                                  0.45   data required time
-----------------------------------------------------------------------------
                                  0.45   data required time
                                 -1.18   data arrival time
-----------------------------------------------------------------------------
                                  0.73   slack (MET)


Startpoint: _147_ (rising edge-triggered flip-flop clocked by clk)
Endpoint: _149_ (rising edge-triggered flip-flop clocked by clk)
Path Group: clk
Path Type: min

Fanout     Cap    Slew   Delay    Time   Description
-----------------------------------------------------------------------------
                          0.00    0.00   clock clk (rise edge)
                          0.00    0.00   clock source latency
     1    0.01    0.04    0.03    0.03 ^ clk (in)
                                         clk (net)
                  0.04    0.00    0.03 ^ clkbuf_0_clk/A (sky130_fd_sc_hd__clkbuf_16)
     2    0.02    0.04    0.11    0.14 ^ clkbuf_0_clk/X (sky130_fd_sc_hd__clkbuf_16)
                                         clknet_0_clk (net)
                  0.04    0.00    0.14 ^ clkbuf_1_0__f_clk/A (sky130_fd_sc_hd__clkbuf_16)
    10    0.02    0.04    0.12    0.26 ^ clkbuf_1_0__f_clk/X (sky130_fd_sc_hd__clkbuf_16)
                                         clknet_1_0__leaf_clk (net)
                  0.04    0.00    0.26 ^ _147_/CLK (sky130_fd_sc_hd__dfxtp_1)
     6    0.01    0.06    0.30    0.56 v _147_/Q (sky130_fd_sc_hd__dfxtp_1)
                                         display.refresh_counter[12] (net)
                  0.06    0.00    0.56 v _109_/B (sky130_fd_sc_hd__nand3_1)
     2    0.01    0.09    0.11    0.67 ^ _109_/Y (sky130_fd_sc_hd__nand3_1)
                                         _058_ (net)
                  0.09    0.00    0.67 ^ _111_/B (sky130_fd_sc_hd__xnor2_1)
     1    0.00    0.03    0.06    0.72 v _111_/Y (sky130_fd_sc_hd__xnor2_1)
                                         _005_ (net)
                  0.03    0.00    0.72 v hold7/A (sky130_fd_sc_hd__dlygate4sd3_1)
     1    0.00    0.05    0.51    1.23 v hold7/X (sky130_fd_sc_hd__dlygate4sd3_1)
                                         net50 (net)
                  0.05    0.00    1.23 v _149_/D (sky130_fd_sc_hd__dfxtp_1)
                                  1.23   data arrival time

                          0.00    0.00   clock clk (rise edge)
                          0.00    0.00   clock source latency
     1    0.01    0.04    0.03    0.03 ^ clk (in)
                                         clk (net)
                  0.04    0.00    0.03 ^ clkbuf_0_clk/A (sky130_fd_sc_hd__clkbuf_16)
     2    0.02    0.04    0.13    0.16 ^ clkbuf_0_clk/X (sky130_fd_sc_hd__clkbuf_16)
                                         clknet_0_clk (net)
                  0.04    0.00    0.16 ^ clkbuf_1_0__f_clk/A (sky130_fd_sc_hd__clkbuf_16)
    10    0.02    0.04    0.13    0.28 ^ clkbuf_1_0__f_clk/X (sky130_fd_sc_hd__clkbuf_16)
                                         clknet_1_0__leaf_clk (net)
                  0.04    0.00    0.28 ^ _149_/CLK (sky130_fd_sc_hd__dfxtp_1)
                          0.25    0.53   clock uncertainty
                         -0.03    0.51   clock reconvergence pessimism
                         -0.06    0.45   library hold time
                                  0.45   data required time
-----------------------------------------------------------------------------
                                  0.45   data required time
                                 -1.23   data arrival time
-----------------------------------------------------------------------------
                                  0.78   slack (MET)


Startpoint: _134_ (rising edge-triggered flip-flop clocked by clk)
Endpoint: an[3] (output port clocked by clk)
Path Group: clk
Path Type: min

Fanout     Cap    Slew   Delay    Time   Description
-----------------------------------------------------------------------------
                          0.00    0.00   clock clk (rise edge)
                          0.00    0.00   clock source latency
     1    0.01    0.04    0.03    0.03 ^ clk (in)
                                         clk (net)
                  0.04    0.00    0.03 ^ clkbuf_0_clk/A (sky130_fd_sc_hd__clkbuf_16)
     2    0.02    0.04    0.11    0.14 ^ clkbuf_0_clk/X (sky130_fd_sc_hd__clkbuf_16)
                                         clknet_0_clk (net)
                  0.04    0.00    0.14 ^ clkbuf_1_1__f_clk/A (sky130_fd_sc_hd__clkbuf_16)
    10    0.02    0.04    0.12    0.26 ^ clkbuf_1_1__f_clk/X (sky130_fd_sc_hd__clkbuf_16)
                                         clknet_1_1__leaf_clk (net)
                  0.04    0.00    0.26 ^ _134_/CLK (sky130_fd_sc_hd__dfxtp_1)
     5    0.01    0.09    0.32    0.58 ^ _134_/Q (sky130_fd_sc_hd__dfxtp_1)
                                         display.digit_select[2] (net)
                  0.09    0.00    0.58 ^ _072_/A (sky130_fd_sc_hd__or2_1)
     1    0.00    0.04    0.10    0.67 ^ _072_/X (sky130_fd_sc_hd__or2_1)
                                         _035_ (net)
                  0.04    0.00    0.67 ^ _073_/A (sky130_fd_sc_hd__clkbuf_1)
     1    0.00    0.03    0.07    0.74 ^ _073_/X (sky130_fd_sc_hd__clkbuf_1)
                                         net4 (net)
                  0.03    0.00    0.74 ^ output4/A (sky130_fd_sc_hd__buf_2)
     1    0.03    0.17    0.18    0.92 ^ output4/X (sky130_fd_sc_hd__buf_2)
                                         an[3] (net)
                  0.17    0.00    0.92 ^ an[3] (out)
                                  0.92   data arrival time

                          0.00    0.00   clock clk (rise edge)
                          0.00    0.00   clock network delay (propagated)
                          0.25    0.25   clock uncertainty
                          0.00    0.25   clock reconvergence pessimism
                         -2.00   -1.75   output external delay
                                 -1.75   data required time
-----------------------------------------------------------------------------
                                 -1.75   data required time
                                 -0.92   data arrival time
-----------------------------------------------------------------------------
                                  2.67   slack (MET)


Startpoint: _134_ (rising edge-triggered flip-flop clocked by clk)
Endpoint: an[0] (output port clocked by clk)
Path Group: clk
Path Type: min

Fanout     Cap    Slew   Delay    Time   Description
-----------------------------------------------------------------------------
                          0.00    0.00   clock clk (rise edge)
                          0.00    0.00   clock source latency
     1    0.01    0.04    0.03    0.03 ^ clk (in)
                                         clk (net)
                  0.04    0.00    0.03 ^ clkbuf_0_clk/A (sky130_fd_sc_hd__clkbuf_16)
     2    0.02    0.04    0.11    0.14 ^ clkbuf_0_clk/X (sky130_fd_sc_hd__clkbuf_16)
                                         clknet_0_clk (net)
                  0.04    0.00    0.14 ^ clkbuf_1_1__f_clk/A (sky130_fd_sc_hd__clkbuf_16)
    10    0.02    0.04    0.12    0.26 ^ clkbuf_1_1__f_clk/X (sky130_fd_sc_hd__clkbuf_16)
                                         clknet_1_1__leaf_clk (net)
                  0.04    0.00    0.26 ^ _134_/CLK (sky130_fd_sc_hd__dfxtp_1)
     5    0.01    0.09    0.32    0.58 ^ _134_/Q (sky130_fd_sc_hd__dfxtp_1)
                                         display.digit_select[2] (net)
                  0.09    0.00    0.58 ^ _064_/B (sky130_fd_sc_hd__or3_1)
     1    0.00    0.03    0.10    0.68 ^ _064_/X (sky130_fd_sc_hd__or3_1)
                                         _030_ (net)
                  0.03    0.00    0.68 ^ _065_/A (sky130_fd_sc_hd__clkbuf_1)
     1    0.00    0.03    0.07    0.74 ^ _065_/X (sky130_fd_sc_hd__clkbuf_1)
                                         net1 (net)
                  0.03    0.00    0.74 ^ output1/A (sky130_fd_sc_hd__buf_2)
     1    0.03    0.17    0.18    0.92 ^ output1/X (sky130_fd_sc_hd__buf_2)
                                         an[0] (net)
                  0.17    0.00    0.92 ^ an[0] (out)
                                  0.92   data arrival time

                          0.00    0.00   clock clk (rise edge)
                          0.00    0.00   clock network delay (propagated)
                          0.25    0.25   clock uncertainty
                          0.00    0.25   clock reconvergence pessimism
                         -2.00   -1.75   output external delay
                                 -1.75   data required time
-----------------------------------------------------------------------------
                                 -1.75   data required time
                                 -0.92   data arrival time
-----------------------------------------------------------------------------
                                  2.67   slack (MET)


Startpoint: _134_ (rising edge-triggered flip-flop clocked by clk)
Endpoint: an[1] (output port clocked by clk)
Path Group: clk
Path Type: min

Fanout     Cap    Slew   Delay    Time   Description
-----------------------------------------------------------------------------
                          0.00    0.00   clock clk (rise edge)
                          0.00    0.00   clock source latency
     1    0.01    0.04    0.03    0.03 ^ clk (in)
                                         clk (net)
                  0.04    0.00    0.03 ^ clkbuf_0_clk/A (sky130_fd_sc_hd__clkbuf_16)
     2    0.02    0.04    0.11    0.14 ^ clkbuf_0_clk/X (sky130_fd_sc_hd__clkbuf_16)
                                         clknet_0_clk (net)
                  0.04    0.00    0.14 ^ clkbuf_1_1__f_clk/A (sky130_fd_sc_hd__clkbuf_16)
    10    0.02    0.04    0.12    0.26 ^ clkbuf_1_1__f_clk/X (sky130_fd_sc_hd__clkbuf_16)
                                         clknet_1_1__leaf_clk (net)
                  0.04    0.00    0.26 ^ _134_/CLK (sky130_fd_sc_hd__dfxtp_1)
     5    0.01    0.09    0.32    0.58 ^ _134_/Q (sky130_fd_sc_hd__dfxtp_1)
                                         display.digit_select[2] (net)
                  0.09    0.00    0.58 ^ _067_/B (sky130_fd_sc_hd__or3_1)
     1    0.00    0.03    0.10    0.68 ^ _067_/X (sky130_fd_sc_hd__or3_1)
                                         _032_ (net)
                  0.03    0.00    0.68 ^ _068_/A (sky130_fd_sc_hd__clkbuf_1)
     1    0.00    0.03    0.07    0.74 ^ _068_/X (sky130_fd_sc_hd__clkbuf_1)
                                         net2 (net)
                  0.03    0.00    0.74 ^ output2/A (sky130_fd_sc_hd__buf_2)
     1    0.03    0.17    0.18    0.92 ^ output2/X (sky130_fd_sc_hd__buf_2)
                                         an[1] (net)
                  0.17    0.00    0.92 ^ an[1] (out)
                                  0.92   data arrival time

                          0.00    0.00   clock clk (rise edge)
                          0.00    0.00   clock network delay (propagated)
                          0.25    0.25   clock uncertainty
                          0.00    0.25   clock reconvergence pessimism
                         -2.00   -1.75   output external delay
                                 -1.75   data required time
-----------------------------------------------------------------------------
                                 -1.75   data required time
                                 -0.92   data arrival time
-----------------------------------------------------------------------------
                                  2.67   slack (MET)


Startpoint: _134_ (rising edge-triggered flip-flop clocked by clk)
Endpoint: an[2] (output port clocked by clk)
Path Group: clk
Path Type: min

Fanout     Cap    Slew   Delay    Time   Description
-----------------------------------------------------------------------------
                          0.00    0.00   clock clk (rise edge)
                          0.00    0.00   clock source latency
     1    0.01    0.04    0.03    0.03 ^ clk (in)
                                         clk (net)
                  0.04    0.00    0.03 ^ clkbuf_0_clk/A (sky130_fd_sc_hd__clkbuf_16)
     2    0.02    0.04    0.11    0.14 ^ clkbuf_0_clk/X (sky130_fd_sc_hd__clkbuf_16)
                                         clknet_0_clk (net)
                  0.04    0.00    0.14 ^ clkbuf_1_1__f_clk/A (sky130_fd_sc_hd__clkbuf_16)
    10    0.02    0.04    0.12    0.26 ^ clkbuf_1_1__f_clk/X (sky130_fd_sc_hd__clkbuf_16)
                                         clknet_1_1__leaf_clk (net)
                  0.04    0.00    0.26 ^ _134_/CLK (sky130_fd_sc_hd__dfxtp_1)
     5    0.01    0.09    0.32    0.58 ^ _134_/Q (sky130_fd_sc_hd__dfxtp_1)
                                         display.digit_select[2] (net)
                  0.09    0.00    0.58 ^ _069_/B (sky130_fd_sc_hd__or3b_1)
     1    0.00    0.03    0.10    0.68 ^ _069_/X (sky130_fd_sc_hd__or3b_1)
                                         _033_ (net)
                  0.03    0.00    0.68 ^ _070_/A (sky130_fd_sc_hd__clkbuf_1)
     1    0.00    0.03    0.07    0.74 ^ _070_/X (sky130_fd_sc_hd__clkbuf_1)
                                         net3 (net)
                  0.03    0.00    0.74 ^ output3/A (sky130_fd_sc_hd__buf_2)
     1    0.03    0.17    0.18    0.92 ^ output3/X (sky130_fd_sc_hd__buf_2)
                                         an[2] (net)
                  0.17    0.00    0.92 ^ an[2] (out)
                                  0.92   data arrival time

                          0.00    0.00   clock clk (rise edge)
                          0.00    0.00   clock network delay (propagated)
                          0.25    0.25   clock uncertainty
                          0.00    0.25   clock reconvergence pessimism
                         -2.00   -1.75   output external delay
                                 -1.75   data required time
-----------------------------------------------------------------------------
                                 -1.75   data required time
                                 -0.92   data arrival time
-----------------------------------------------------------------------------
                                  2.67   slack (MET)



worst slack corner Typical: 0.2963
