
===========================================================================
report_checks -path_delay max (Setup)
============================================================================
======================= Typical Corner ===================================

Startpoint: _132_ (rising edge-triggered flip-flop clocked by clk)
Endpoint: an[1] (output port clocked by clk)
Path Group: clk
Path Type: max

Fanout     Cap    Slew   Delay    Time   Description
-----------------------------------------------------------------------------
                  0.15    0.00    0.00   clock clk (rise edge)
                          0.00    0.00   clock network delay (ideal)
                  0.15    0.00    0.00 ^ _132_/CLK (sky130_fd_sc_hd__dfxtp_2)
     4    0.01    0.07    0.40    0.40 ^ _132_/Q (sky130_fd_sc_hd__dfxtp_2)
                                         display.digit_select[0] (net)
                  0.07    0.00    0.40 ^ _066_/A (sky130_fd_sc_hd__inv_2)
     4    0.01    0.03    0.05    0.44 v _066_/Y (sky130_fd_sc_hd__inv_2)
                                         _031_ (net)
                  0.03    0.00    0.44 v _067_/A (sky130_fd_sc_hd__or3_2)
     1    0.00    0.07    0.48    0.92 v _067_/X (sky130_fd_sc_hd__or3_2)
                                         _032_ (net)
                  0.07    0.00    0.92 v _068_/A (sky130_fd_sc_hd__buf_1)
     1    0.03    0.19    0.24    1.16 v _068_/X (sky130_fd_sc_hd__buf_1)
                                         an[1] (net)
                  0.19    0.00    1.16 v an[1] (out)
                                  1.16   data arrival time

                  0.15   10.00   10.00   clock clk (rise edge)
                          0.00   10.00   clock network delay (ideal)
                         -0.25    9.75   clock uncertainty
                          0.00    9.75   clock reconvergence pessimism
                         -2.00    7.75   output external delay
                                  7.75   data required time
-----------------------------------------------------------------------------
                                  7.75   data required time
                                 -1.16   data arrival time
-----------------------------------------------------------------------------
                                  6.59   slack (MET)


Startpoint: _132_ (rising edge-triggered flip-flop clocked by clk)
Endpoint: an[0] (output port clocked by clk)
Path Group: clk
Path Type: max

Fanout     Cap    Slew   Delay    Time   Description
-----------------------------------------------------------------------------
                  0.15    0.00    0.00   clock clk (rise edge)
                          0.00    0.00   clock network delay (ideal)
                  0.15    0.00    0.00 ^ _132_/CLK (sky130_fd_sc_hd__dfxtp_2)
     4    0.01    0.04    0.38    0.38 v _132_/Q (sky130_fd_sc_hd__dfxtp_2)
                                         display.digit_select[0] (net)
                  0.04    0.00    0.38 v _064_/A (sky130_fd_sc_hd__or3_2)
     1    0.00    0.07    0.48    0.86 v _064_/X (sky130_fd_sc_hd__or3_2)
                                         _030_ (net)
                  0.07    0.00    0.86 v _065_/A (sky130_fd_sc_hd__buf_1)
     1    0.03    0.19    0.24    1.10 v _065_/X (sky130_fd_sc_hd__buf_1)
                                         an[0] (net)
                  0.19    0.00    1.10 v an[0] (out)
                                  1.10   data arrival time

                  0.15   10.00   10.00   clock clk (rise edge)
                          0.00   10.00   clock network delay (ideal)
                         -0.25    9.75   clock uncertainty
                          0.00    9.75   clock reconvergence pessimism
                         -2.00    7.75   output external delay
                                  7.75   data required time
-----------------------------------------------------------------------------
                                  7.75   data required time
                                 -1.10   data arrival time
-----------------------------------------------------------------------------
                                  6.65   slack (MET)


Startpoint: _133_ (rising edge-triggered flip-flop clocked by clk)
Endpoint: an[2] (output port clocked by clk)
Path Group: clk
Path Type: max

Fanout     Cap    Slew   Delay    Time   Description
-----------------------------------------------------------------------------
                  0.15    0.00    0.00   clock clk (rise edge)
                          0.00    0.00   clock network delay (ideal)
                  0.15    0.00    0.00 ^ _133_/CLK (sky130_fd_sc_hd__dfxtp_2)
     6    0.01    0.08    0.40    0.40 ^ _133_/Q (sky130_fd_sc_hd__dfxtp_2)
                                         display.digit_select[1] (net)
                  0.08    0.00    0.40 ^ _069_/C_N (sky130_fd_sc_hd__or3b_2)
     1    0.00    0.07    0.45    0.85 v _069_/X (sky130_fd_sc_hd__or3b_2)
                                         _033_ (net)
                  0.07    0.00    0.85 v _070_/A (sky130_fd_sc_hd__buf_1)
     1    0.03    0.19    0.24    1.10 v _070_/X (sky130_fd_sc_hd__buf_1)
                                         an[2] (net)
                  0.19    0.00    1.10 v an[2] (out)
                                  1.10   data arrival time

                  0.15   10.00   10.00   clock clk (rise edge)
                          0.00   10.00   clock network delay (ideal)
                         -0.25    9.75   clock uncertainty
                          0.00    9.75   clock reconvergence pessimism
                         -2.00    7.75   output external delay
                                  7.75   data required time
-----------------------------------------------------------------------------
                                  7.75   data required time
                                 -1.10   data arrival time
-----------------------------------------------------------------------------
                                  6.65   slack (MET)


Startpoint: _133_ (rising edge-triggered flip-flop clocked by clk)
Endpoint: an[3] (output port clocked by clk)
Path Group: clk
Path Type: max

Fanout     Cap    Slew   Delay    Time   Description
-----------------------------------------------------------------------------
                  0.15    0.00    0.00   clock clk (rise edge)
                          0.00    0.00   clock network delay (ideal)
                  0.15    0.00    0.00 ^ _133_/CLK (sky130_fd_sc_hd__dfxtp_2)
     6    0.01    0.08    0.40    0.40 ^ _133_/Q (sky130_fd_sc_hd__dfxtp_2)
                                         display.digit_select[1] (net)
                  0.08    0.00    0.40 ^ _071_/B (sky130_fd_sc_hd__nand2_2)
     2    0.00    0.03    0.05    0.45 v _071_/Y (sky130_fd_sc_hd__nand2_2)
                                         _034_ (net)
                  0.03    0.00    0.45 v _072_/B (sky130_fd_sc_hd__or2_2)
     1    0.00    0.05    0.27    0.72 v _072_/X (sky130_fd_sc_hd__or2_2)
                                         _035_ (net)
                  0.05    0.00    0.72 v _073_/A (sky130_fd_sc_hd__buf_1)
     1    0.03    0.19    0.23    0.96 v _073_/X (sky130_fd_sc_hd__buf_1)
                                         an[3] (net)
                  0.19    0.00    0.96 v an[3] (out)
                                  0.96   data arrival time

                  0.15   10.00   10.00   clock clk (rise edge)
                          0.00   10.00   clock network delay (ideal)
                         -0.25    9.75   clock uncertainty
                          0.00    9.75   clock reconvergence pessimism
                         -2.00    7.75   output external delay
                                  7.75   data required time
-----------------------------------------------------------------------------
                                  7.75   data required time
                                 -0.96   data arrival time
-----------------------------------------------------------------------------
                                  6.79   slack (MET)


Startpoint: _146_ (rising edge-triggered flip-flop clocked by clk)
Endpoint: _133_ (rising edge-triggered flip-flop clocked by clk)
Path Group: clk
Path Type: max

Fanout     Cap    Slew   Delay    Time   Description
-----------------------------------------------------------------------------
                  0.15    0.00    0.00   clock clk (rise edge)
                          0.00    0.00   clock network delay (ideal)
                  0.15    0.00    0.00 ^ _146_/CLK (sky130_fd_sc_hd__dfxtp_2)
     3    0.01    0.04    0.38    0.38 v _146_/Q (sky130_fd_sc_hd__dfxtp_2)
                                         display.refresh_counter[11] (net)
                  0.04    0.00    0.38 v _121_/A (sky130_fd_sc_hd__or4_2)
     1    0.00    0.09    0.67    1.05 v _121_/X (sky130_fd_sc_hd__or4_2)
                                         _022_ (net)
                  0.09    0.00    1.05 v _123_/B (sky130_fd_sc_hd__or3_2)
     4    0.01    0.10    0.51    1.56 v _123_/X (sky130_fd_sc_hd__or3_2)
                                         _024_ (net)
                  0.10    0.00    1.56 v _128_/D (sky130_fd_sc_hd__or4_2)
     1    0.00    0.09    0.56    2.12 v _128_/X (sky130_fd_sc_hd__or4_2)
                                         _028_ (net)
                  0.09    0.00    2.12 v _129_/B1_N (sky130_fd_sc_hd__a21bo_2)
     1    0.00    0.03    0.20    2.32 ^ _129_/X (sky130_fd_sc_hd__a21bo_2)
                                         _018_ (net)
                  0.03    0.00    2.32 ^ _133_/D (sky130_fd_sc_hd__dfxtp_2)
                                  2.32   data arrival time

                  0.15   10.00   10.00   clock clk (rise edge)
                          0.00   10.00   clock network delay (ideal)
                         -0.25    9.75   clock uncertainty
                          0.00    9.75   clock reconvergence pessimism
                                  9.75 ^ _133_/CLK (sky130_fd_sc_hd__dfxtp_2)
                         -0.04    9.71   library setup time
                                  9.71   data required time
-----------------------------------------------------------------------------
                                  9.71   data required time
                                 -2.32   data arrival time
-----------------------------------------------------------------------------
                                  7.39   slack (MET)


Startpoint: _146_ (rising edge-triggered flip-flop clocked by clk)
Endpoint: _132_ (rising edge-triggered flip-flop clocked by clk)
Path Group: clk
Path Type: max

Fanout     Cap    Slew   Delay    Time   Description
-----------------------------------------------------------------------------
                  0.15    0.00    0.00   clock clk (rise edge)
                          0.00    0.00   clock network delay (ideal)
                  0.15    0.00    0.00 ^ _146_/CLK (sky130_fd_sc_hd__dfxtp_2)
     3    0.01    0.04    0.38    0.38 v _146_/Q (sky130_fd_sc_hd__dfxtp_2)
                                         display.refresh_counter[11] (net)
                  0.04    0.00    0.38 v _121_/A (sky130_fd_sc_hd__or4_2)
     1    0.00    0.09    0.67    1.05 v _121_/X (sky130_fd_sc_hd__or4_2)
                                         _022_ (net)
                  0.09    0.00    1.05 v _123_/B (sky130_fd_sc_hd__or3_2)
     4    0.01    0.10    0.51    1.56 v _123_/X (sky130_fd_sc_hd__or3_2)
                                         _024_ (net)
                  0.10    0.00    1.56 v _124_/C (sky130_fd_sc_hd__or3_2)
     2    0.00    0.08    0.45    2.01 v _124_/X (sky130_fd_sc_hd__or3_2)
                                         _025_ (net)
                  0.08    0.00    2.01 v _126_/A (sky130_fd_sc_hd__and2_2)
     1    0.00    0.03    0.18    2.19 v _126_/X (sky130_fd_sc_hd__and2_2)
                                         _027_ (net)
                  0.03    0.00    2.19 v _127_/A (sky130_fd_sc_hd__buf_1)
     1    0.00    0.02    0.08    2.27 v _127_/X (sky130_fd_sc_hd__buf_1)
                                         _017_ (net)
                  0.02    0.00    2.27 v _132_/D (sky130_fd_sc_hd__dfxtp_2)
                                  2.27   data arrival time

                  0.15   10.00   10.00   clock clk (rise edge)
                          0.00   10.00   clock network delay (ideal)
                         -0.25    9.75   clock uncertainty
                          0.00    9.75   clock reconvergence pessimism
                                  9.75 ^ _132_/CLK (sky130_fd_sc_hd__dfxtp_2)
                         -0.08    9.67   library setup time
                                  9.67   data required time
-----------------------------------------------------------------------------
                                  9.67   data required time
                                 -2.27   data arrival time
-----------------------------------------------------------------------------
                                  7.40   slack (MET)


Startpoint: _146_ (rising edge-triggered flip-flop clocked by clk)
Endpoint: _134_ (rising edge-triggered flip-flop clocked by clk)
Path Group: clk
Path Type: max

Fanout     Cap    Slew   Delay    Time   Description
-----------------------------------------------------------------------------
                  0.15    0.00    0.00   clock clk (rise edge)
                          0.00    0.00   clock network delay (ideal)
                  0.15    0.00    0.00 ^ _146_/CLK (sky130_fd_sc_hd__dfxtp_2)
     3    0.01    0.04    0.38    0.38 v _146_/Q (sky130_fd_sc_hd__dfxtp_2)
                                         display.refresh_counter[11] (net)
                  0.04    0.00    0.38 v _121_/A (sky130_fd_sc_hd__or4_2)
     1    0.00    0.09    0.67    1.05 v _121_/X (sky130_fd_sc_hd__or4_2)
                                         _022_ (net)
                  0.09    0.00    1.05 v _123_/B (sky130_fd_sc_hd__or3_2)
     4    0.01    0.10    0.51    1.56 v _123_/X (sky130_fd_sc_hd__or3_2)
                                         _024_ (net)
                  0.10    0.00    1.56 v _130_/C (sky130_fd_sc_hd__or3_2)
     1    0.01    0.10    0.47    2.03 v _130_/X (sky130_fd_sc_hd__or3_2)
                                         _029_ (net)
                  0.10    0.00    2.03 v _131_/B (sky130_fd_sc_hd__xnor2_2)
     1    0.00    0.04    0.14    2.18 v _131_/Y (sky130_fd_sc_hd__xnor2_2)
                                         _019_ (net)
                  0.04    0.00    2.18 v _134_/D (sky130_fd_sc_hd__dfxtp_2)
                                  2.18   data arrival time

                  0.15   10.00   10.00   clock clk (rise edge)
                          0.00   10.00   clock network delay (ideal)
                         -0.25    9.75   clock uncertainty
                          0.00    9.75   clock reconvergence pessimism
                                  9.75 ^ _134_/CLK (sky130_fd_sc_hd__dfxtp_2)
                         -0.09    9.66   library setup time
                                  9.66   data required time
-----------------------------------------------------------------------------
                                  9.66   data required time
                                 -2.18   data arrival time
-----------------------------------------------------------------------------
                                  7.49   slack (MET)


Startpoint: _137_ (rising edge-triggered flip-flop clocked by clk)
Endpoint: _150_ (rising edge-triggered flip-flop clocked by clk)
Path Group: clk
Path Type: max

Fanout     Cap    Slew   Delay    Time   Description
-----------------------------------------------------------------------------
                  0.15    0.00    0.00   clock clk (rise edge)
                          0.00    0.00   clock network delay (ideal)
                  0.15    0.00    0.00 ^ _137_/CLK (sky130_fd_sc_hd__dfxtp_2)
     4    0.01    0.09    0.41    0.41 ^ _137_/Q (sky130_fd_sc_hd__dfxtp_2)
                                         display.refresh_counter[2] (net)
                  0.09    0.00    0.41 ^ _080_/D (sky130_fd_sc_hd__and4_2)
     1    0.00    0.05    0.22    0.63 ^ _080_/X (sky130_fd_sc_hd__and4_2)
                                         _039_ (net)
                  0.05    0.00    0.63 ^ _081_/A (sky130_fd_sc_hd__buf_1)
     8    0.02    0.29    0.26    0.89 ^ _081_/X (sky130_fd_sc_hd__buf_1)
                                         _040_ (net)
                  0.29    0.00    0.89 ^ _105_/A (sky130_fd_sc_hd__and3_2)
     5    0.02    0.10    0.30    1.20 ^ _105_/X (sky130_fd_sc_hd__and3_2)
                                         _055_ (net)
                  0.10    0.00    1.20 ^ _113_/C (sky130_fd_sc_hd__and4_2)
     2    0.01    0.09    0.27    1.47 ^ _113_/X (sky130_fd_sc_hd__and4_2)
                                         _060_ (net)
                  0.09    0.00    1.47 ^ _115_/A_N (sky130_fd_sc_hd__and2b_2)
     1    0.00    0.03    0.22    1.69 v _115_/X (sky130_fd_sc_hd__and2b_2)
                                         _062_ (net)
                  0.03    0.00    1.69 v _116_/A (sky130_fd_sc_hd__buf_1)
     1    0.00    0.02    0.08    1.77 v _116_/X (sky130_fd_sc_hd__buf_1)
                                         _006_ (net)
                  0.02    0.00    1.77 v _150_/D (sky130_fd_sc_hd__dfxtp_2)
                                  1.77   data arrival time

                  0.15   10.00   10.00   clock clk (rise edge)
                          0.00   10.00   clock network delay (ideal)
                         -0.25    9.75   clock uncertainty
                          0.00    9.75   clock reconvergence pessimism
                                  9.75 ^ _150_/CLK (sky130_fd_sc_hd__dfxtp_2)
                         -0.08    9.67   library setup time
                                  9.67   data required time
-----------------------------------------------------------------------------
                                  9.67   data required time
                                 -1.77   data arrival time
-----------------------------------------------------------------------------
                                  7.90   slack (MET)


Startpoint: _137_ (rising edge-triggered flip-flop clocked by clk)
Endpoint: _144_ (rising edge-triggered flip-flop clocked by clk)
Path Group: clk
Path Type: max

Fanout     Cap    Slew   Delay    Time   Description
-----------------------------------------------------------------------------
                  0.15    0.00    0.00   clock clk (rise edge)
                          0.00    0.00   clock network delay (ideal)
                  0.15    0.00    0.00 ^ _137_/CLK (sky130_fd_sc_hd__dfxtp_2)
     4    0.01    0.09    0.41    0.41 ^ _137_/Q (sky130_fd_sc_hd__dfxtp_2)
                                         display.refresh_counter[2] (net)
                  0.09    0.00    0.41 ^ _080_/D (sky130_fd_sc_hd__and4_2)
     1    0.00    0.05    0.22    0.63 ^ _080_/X (sky130_fd_sc_hd__and4_2)
                                         _039_ (net)
                  0.05    0.00    0.63 ^ _081_/A (sky130_fd_sc_hd__buf_1)
     8    0.02    0.29    0.26    0.89 ^ _081_/X (sky130_fd_sc_hd__buf_1)
                                         _040_ (net)
                  0.29    0.00    0.89 ^ _094_/A (sky130_fd_sc_hd__and2_2)
     4    0.02    0.10    0.27    1.16 ^ _094_/X (sky130_fd_sc_hd__and2_2)
                                         _049_ (net)
                  0.10    0.00    1.16 ^ _097_/C (sky130_fd_sc_hd__and3_2)
     2    0.01    0.08    0.23    1.39 ^ _097_/X (sky130_fd_sc_hd__and3_2)
                                         _050_ (net)
                  0.08    0.00    1.39 ^ _099_/A_N (sky130_fd_sc_hd__and2b_2)
     1    0.00    0.03    0.22    1.61 v _099_/X (sky130_fd_sc_hd__and2b_2)
                                         _052_ (net)
                  0.03    0.00    1.61 v _100_/A (sky130_fd_sc_hd__buf_1)
     1    0.00    0.02    0.08    1.69 v _100_/X (sky130_fd_sc_hd__buf_1)
                                         _016_ (net)
                  0.02    0.00    1.69 v _144_/D (sky130_fd_sc_hd__dfxtp_2)
                                  1.69   data arrival time

                  0.15   10.00   10.00   clock clk (rise edge)
                          0.00   10.00   clock network delay (ideal)
                         -0.25    9.75   clock uncertainty
                          0.00    9.75   clock reconvergence pessimism
                                  9.75 ^ _144_/CLK (sky130_fd_sc_hd__dfxtp_2)
                         -0.08    9.67   library setup time
                                  9.67   data required time
-----------------------------------------------------------------------------
                                  9.67   data required time
                                 -1.69   data arrival time
-----------------------------------------------------------------------------
                                  7.98   slack (MET)


Startpoint: _137_ (rising edge-triggered flip-flop clocked by clk)
Endpoint: _151_ (rising edge-triggered flip-flop clocked by clk)
Path Group: clk
Path Type: max

Fanout     Cap    Slew   Delay    Time   Description
-----------------------------------------------------------------------------
                  0.15    0.00    0.00   clock clk (rise edge)
                          0.00    0.00   clock network delay (ideal)
                  0.15    0.00    0.00 ^ _137_/CLK (sky130_fd_sc_hd__dfxtp_2)
     4    0.01    0.09    0.41    0.41 ^ _137_/Q (sky130_fd_sc_hd__dfxtp_2)
                                         display.refresh_counter[2] (net)
                  0.09    0.00    0.41 ^ _080_/D (sky130_fd_sc_hd__and4_2)
     1    0.00    0.05    0.22    0.63 ^ _080_/X (sky130_fd_sc_hd__and4_2)
                                         _039_ (net)
                  0.05    0.00    0.63 ^ _081_/A (sky130_fd_sc_hd__buf_1)
     8    0.02    0.29    0.26    0.89 ^ _081_/X (sky130_fd_sc_hd__buf_1)
                                         _040_ (net)
                  0.29    0.00    0.89 ^ _105_/A (sky130_fd_sc_hd__and3_2)
     5    0.02    0.10    0.30    1.20 ^ _105_/X (sky130_fd_sc_hd__and3_2)
                                         _055_ (net)
                  0.10    0.00    1.20 ^ _113_/C (sky130_fd_sc_hd__and4_2)
     2    0.01    0.09    0.27    1.47 ^ _113_/X (sky130_fd_sc_hd__and4_2)
                                         _060_ (net)
                  0.09    0.00    1.47 ^ _117_/B (sky130_fd_sc_hd__xor2_2)
     1    0.00    0.08    0.12    1.59 ^ _117_/X (sky130_fd_sc_hd__xor2_2)
                                         _007_ (net)
                  0.08    0.00    1.59 ^ _151_/D (sky130_fd_sc_hd__dfxtp_2)
                                  1.59   data arrival time

                  0.15   10.00   10.00   clock clk (rise edge)
                          0.00   10.00   clock network delay (ideal)
                         -0.25    9.75   clock uncertainty
                          0.00    9.75   clock reconvergence pessimism
                                  9.75 ^ _151_/CLK (sky130_fd_sc_hd__dfxtp_2)
                         -0.05    9.70   library setup time
                                  9.70   data required time
-----------------------------------------------------------------------------
                                  9.70   data required time
                                 -1.59   data arrival time
-----------------------------------------------------------------------------
                                  8.11   slack (MET)


Startpoint: _137_ (rising edge-triggered flip-flop clocked by clk)
Endpoint: _146_ (rising edge-triggered flip-flop clocked by clk)
Path Group: clk
Path Type: max

Fanout     Cap    Slew   Delay    Time   Description
-----------------------------------------------------------------------------
                  0.15    0.00    0.00   clock clk (rise edge)
                          0.00    0.00   clock network delay (ideal)
                  0.15    0.00    0.00 ^ _137_/CLK (sky130_fd_sc_hd__dfxtp_2)
     4    0.01    0.09    0.41    0.41 ^ _137_/Q (sky130_fd_sc_hd__dfxtp_2)
                                         display.refresh_counter[2] (net)
                  0.09    0.00    0.41 ^ _080_/D (sky130_fd_sc_hd__and4_2)
     1    0.00    0.05    0.22    0.63 ^ _080_/X (sky130_fd_sc_hd__and4_2)
                                         _039_ (net)
                  0.05    0.00    0.63 ^ _081_/A (sky130_fd_sc_hd__buf_1)
     8    0.02    0.29    0.26    0.89 ^ _081_/X (sky130_fd_sc_hd__buf_1)
                                         _040_ (net)
                  0.29    0.00    0.89 ^ _094_/A (sky130_fd_sc_hd__and2_2)
     4    0.02    0.10    0.27    1.16 ^ _094_/X (sky130_fd_sc_hd__and2_2)
                                         _049_ (net)
                  0.10    0.00    1.16 ^ _102_/D (sky130_fd_sc_hd__and4_2)
     1    0.01    0.08    0.27    1.43 ^ _102_/X (sky130_fd_sc_hd__and4_2)
                                         _053_ (net)
                  0.08    0.00    1.43 ^ _103_/B (sky130_fd_sc_hd__xor2_2)
     1    0.00    0.08    0.12    1.55 ^ _103_/X (sky130_fd_sc_hd__xor2_2)
                                         _002_ (net)
                  0.08    0.00    1.55 ^ _146_/D (sky130_fd_sc_hd__dfxtp_2)
                                  1.55   data arrival time

                  0.15   10.00   10.00   clock clk (rise edge)
                          0.00   10.00   clock network delay (ideal)
                         -0.25    9.75   clock uncertainty
                          0.00    9.75   clock reconvergence pessimism
                                  9.75 ^ _146_/CLK (sky130_fd_sc_hd__dfxtp_2)
                         -0.05    9.70   library setup time
                                  9.70   data required time
-----------------------------------------------------------------------------
                                  9.70   data required time
                                 -1.55   data arrival time
-----------------------------------------------------------------------------
                                  8.15   slack (MET)


Startpoint: _137_ (rising edge-triggered flip-flop clocked by clk)
Endpoint: _145_ (rising edge-triggered flip-flop clocked by clk)
Path Group: clk
Path Type: max

Fanout     Cap    Slew   Delay    Time   Description
-----------------------------------------------------------------------------
                  0.15    0.00    0.00   clock clk (rise edge)
                          0.00    0.00   clock network delay (ideal)
                  0.15    0.00    0.00 ^ _137_/CLK (sky130_fd_sc_hd__dfxtp_2)
     4    0.01    0.09    0.41    0.41 ^ _137_/Q (sky130_fd_sc_hd__dfxtp_2)
                                         display.refresh_counter[2] (net)
                  0.09    0.00    0.41 ^ _080_/D (sky130_fd_sc_hd__and4_2)
     1    0.00    0.05    0.22    0.63 ^ _080_/X (sky130_fd_sc_hd__and4_2)
                                         _039_ (net)
                  0.05    0.00    0.63 ^ _081_/A (sky130_fd_sc_hd__buf_1)
     8    0.02    0.29    0.26    0.89 ^ _081_/X (sky130_fd_sc_hd__buf_1)
                                         _040_ (net)
                  0.29    0.00    0.89 ^ _094_/A (sky130_fd_sc_hd__and2_2)
     4    0.02    0.10    0.27    1.16 ^ _094_/X (sky130_fd_sc_hd__and2_2)
                                         _049_ (net)
                  0.10    0.00    1.16 ^ _097_/C (sky130_fd_sc_hd__and3_2)
     2    0.01    0.08    0.23    1.39 ^ _097_/X (sky130_fd_sc_hd__and3_2)
                                         _050_ (net)
                  0.08    0.00    1.39 ^ _101_/B (sky130_fd_sc_hd__xor2_2)
     1    0.00    0.08    0.12    1.51 ^ _101_/X (sky130_fd_sc_hd__xor2_2)
                                         _001_ (net)
                  0.08    0.00    1.51 ^ _145_/D (sky130_fd_sc_hd__dfxtp_2)
                                  1.51   data arrival time

                  0.15   10.00   10.00   clock clk (rise edge)
                          0.00   10.00   clock network delay (ideal)
                         -0.25    9.75   clock uncertainty
                          0.00    9.75   clock reconvergence pessimism
                                  9.75 ^ _145_/CLK (sky130_fd_sc_hd__dfxtp_2)
                         -0.05    9.70   library setup time
                                  9.70   data required time
-----------------------------------------------------------------------------
                                  9.70   data required time
                                 -1.51   data arrival time
-----------------------------------------------------------------------------
                                  8.19   slack (MET)


Startpoint: _137_ (rising edge-triggered flip-flop clocked by clk)
Endpoint: _141_ (rising edge-triggered flip-flop clocked by clk)
Path Group: clk
Path Type: max

Fanout     Cap    Slew   Delay    Time   Description
-----------------------------------------------------------------------------
                  0.15    0.00    0.00   clock clk (rise edge)
                          0.00    0.00   clock network delay (ideal)
                  0.15    0.00    0.00 ^ _137_/CLK (sky130_fd_sc_hd__dfxtp_2)
     4    0.01    0.09    0.41    0.41 ^ _137_/Q (sky130_fd_sc_hd__dfxtp_2)
                                         display.refresh_counter[2] (net)
                  0.09    0.00    0.41 ^ _080_/D (sky130_fd_sc_hd__and4_2)
     1    0.00    0.05    0.22    0.63 ^ _080_/X (sky130_fd_sc_hd__and4_2)
                                         _039_ (net)
                  0.05    0.00    0.63 ^ _081_/A (sky130_fd_sc_hd__buf_1)
     8    0.02    0.29    0.26    0.89 ^ _081_/X (sky130_fd_sc_hd__buf_1)
                                         _040_ (net)
                  0.29    0.00    0.89 ^ _088_/D (sky130_fd_sc_hd__and4_2)
     2    0.01    0.07    0.29    1.19 ^ _088_/X (sky130_fd_sc_hd__and4_2)
                                         _044_ (net)
                  0.07    0.00    1.19 ^ _090_/A_N (sky130_fd_sc_hd__and2b_2)
     1    0.00    0.03    0.22    1.40 v _090_/X (sky130_fd_sc_hd__and2b_2)
                                         _046_ (net)
                  0.03    0.00    1.40 v _091_/A (sky130_fd_sc_hd__buf_1)
     1    0.00    0.02    0.08    1.48 v _091_/X (sky130_fd_sc_hd__buf_1)
                                         _013_ (net)
                  0.02    0.00    1.48 v _141_/D (sky130_fd_sc_hd__dfxtp_2)
                                  1.48   data arrival time

                  0.15   10.00   10.00   clock clk (rise edge)
                          0.00   10.00   clock network delay (ideal)
                         -0.25    9.75   clock uncertainty
                          0.00    9.75   clock reconvergence pessimism
                                  9.75 ^ _141_/CLK (sky130_fd_sc_hd__dfxtp_2)
                         -0.08    9.67   library setup time
                                  9.67   data required time
-----------------------------------------------------------------------------
                                  9.67   data required time
                                 -1.48   data arrival time
-----------------------------------------------------------------------------
                                  8.19   slack (MET)


Startpoint: _137_ (rising edge-triggered flip-flop clocked by clk)
Endpoint: _148_ (rising edge-triggered flip-flop clocked by clk)
Path Group: clk
Path Type: max

Fanout     Cap    Slew   Delay    Time   Description
-----------------------------------------------------------------------------
                  0.15    0.00    0.00   clock clk (rise edge)
                          0.00    0.00   clock network delay (ideal)
                  0.15    0.00    0.00 ^ _137_/CLK (sky130_fd_sc_hd__dfxtp_2)
     4    0.01    0.05    0.39    0.39 v _137_/Q (sky130_fd_sc_hd__dfxtp_2)
                                         display.refresh_counter[2] (net)
                  0.05    0.00    0.39 v _080_/D (sky130_fd_sc_hd__and4_2)
     1    0.00    0.04    0.23    0.62 v _080_/X (sky130_fd_sc_hd__and4_2)
                                         _039_ (net)
                  0.04    0.00    0.62 v _081_/A (sky130_fd_sc_hd__buf_1)
     8    0.02    0.13    0.18    0.79 v _081_/X (sky130_fd_sc_hd__buf_1)
                                         _040_ (net)
                  0.13    0.00    0.79 v _105_/A (sky130_fd_sc_hd__and3_2)
     5    0.01    0.06    0.25    1.05 v _105_/X (sky130_fd_sc_hd__and3_2)
                                         _055_ (net)
                  0.06    0.00    1.05 v _106_/B (sky130_fd_sc_hd__and2_2)
     2    0.01    0.05    0.21    1.26 v _106_/X (sky130_fd_sc_hd__and2_2)
                                         _056_ (net)
                  0.05    0.00    1.26 v _110_/A2 (sky130_fd_sc_hd__o21a_2)
     1    0.00    0.03    0.19    1.45 v _110_/X (sky130_fd_sc_hd__o21a_2)
                                         _004_ (net)
                  0.03    0.00    1.45 v _148_/D (sky130_fd_sc_hd__dfxtp_2)
                                  1.45   data arrival time

                  0.15   10.00   10.00   clock clk (rise edge)
                          0.00   10.00   clock network delay (ideal)
                         -0.25    9.75   clock uncertainty
                          0.00    9.75   clock reconvergence pessimism
                                  9.75 ^ _148_/CLK (sky130_fd_sc_hd__dfxtp_2)
                         -0.08    9.67   library setup time
                                  9.67   data required time
-----------------------------------------------------------------------------
                                  9.67   data required time
                                 -1.45   data arrival time
-----------------------------------------------------------------------------
                                  8.22   slack (MET)


Startpoint: _137_ (rising edge-triggered flip-flop clocked by clk)
Endpoint: _149_ (rising edge-triggered flip-flop clocked by clk)
Path Group: clk
Path Type: max

Fanout     Cap    Slew   Delay    Time   Description
-----------------------------------------------------------------------------
                  0.15    0.00    0.00   clock clk (rise edge)
                          0.00    0.00   clock network delay (ideal)
                  0.15    0.00    0.00 ^ _137_/CLK (sky130_fd_sc_hd__dfxtp_2)
     4    0.01    0.09    0.41    0.41 ^ _137_/Q (sky130_fd_sc_hd__dfxtp_2)
                                         display.refresh_counter[2] (net)
                  0.09    0.00    0.41 ^ _080_/D (sky130_fd_sc_hd__and4_2)
     1    0.00    0.05    0.22    0.63 ^ _080_/X (sky130_fd_sc_hd__and4_2)
                                         _039_ (net)
                  0.05    0.00    0.63 ^ _081_/A (sky130_fd_sc_hd__buf_1)
     8    0.02    0.29    0.26    0.89 ^ _081_/X (sky130_fd_sc_hd__buf_1)
                                         _040_ (net)
                  0.29    0.00    0.89 ^ _105_/A (sky130_fd_sc_hd__and3_2)
     5    0.02    0.10    0.30    1.20 ^ _105_/X (sky130_fd_sc_hd__and3_2)
                                         _055_ (net)
                  0.10    0.00    1.20 ^ _109_/C (sky130_fd_sc_hd__nand3_2)
     2    0.01    0.08    0.11    1.31 v _109_/Y (sky130_fd_sc_hd__nand3_2)
                                         _058_ (net)
                  0.08    0.00    1.31 v _111_/B (sky130_fd_sc_hd__xnor2_2)
     1    0.00    0.04    0.14    1.45 v _111_/Y (sky130_fd_sc_hd__xnor2_2)
                                         _005_ (net)
                  0.04    0.00    1.45 v _149_/D (sky130_fd_sc_hd__dfxtp_2)
                                  1.45   data arrival time

                  0.15   10.00   10.00   clock clk (rise edge)
                          0.00   10.00   clock network delay (ideal)
                         -0.25    9.75   clock uncertainty
                          0.00    9.75   clock reconvergence pessimism
                                  9.75 ^ _149_/CLK (sky130_fd_sc_hd__dfxtp_2)
                         -0.09    9.66   library setup time
                                  9.66   data required time
-----------------------------------------------------------------------------
                                  9.66   data required time
                                 -1.45   data arrival time
-----------------------------------------------------------------------------
                                  8.22   slack (MET)


Startpoint: _137_ (rising edge-triggered flip-flop clocked by clk)
Endpoint: _147_ (rising edge-triggered flip-flop clocked by clk)
Path Group: clk
Path Type: max

Fanout     Cap    Slew   Delay    Time   Description
-----------------------------------------------------------------------------
                  0.15    0.00    0.00   clock clk (rise edge)
                          0.00    0.00   clock network delay (ideal)
                  0.15    0.00    0.00 ^ _137_/CLK (sky130_fd_sc_hd__dfxtp_2)
     4    0.01    0.09    0.41    0.41 ^ _137_/Q (sky130_fd_sc_hd__dfxtp_2)
                                         display.refresh_counter[2] (net)
                  0.09    0.00    0.41 ^ _080_/D (sky130_fd_sc_hd__and4_2)
     1    0.00    0.05    0.22    0.63 ^ _080_/X (sky130_fd_sc_hd__and4_2)
                                         _039_ (net)
                  0.05    0.00    0.63 ^ _081_/A (sky130_fd_sc_hd__buf_1)
     8    0.02    0.29    0.26    0.89 ^ _081_/X (sky130_fd_sc_hd__buf_1)
                                         _040_ (net)
                  0.29    0.00    0.89 ^ _105_/A (sky130_fd_sc_hd__and3_2)
     5    0.02    0.10    0.30    1.20 ^ _105_/X (sky130_fd_sc_hd__and3_2)
                                         _055_ (net)
                  0.10    0.00    1.20 ^ _106_/B (sky130_fd_sc_hd__and2_2)
     2    0.01    0.06    0.17    1.37 ^ _106_/X (sky130_fd_sc_hd__and2_2)
                                         _056_ (net)
                  0.06    0.00    1.37 ^ _108_/A (sky130_fd_sc_hd__nor2_2)
     1    0.00    0.02    0.04    1.41 v _108_/Y (sky130_fd_sc_hd__nor2_2)
                                         _003_ (net)
                  0.02    0.00    1.41 v _147_/D (sky130_fd_sc_hd__dfxtp_2)
                                  1.41   data arrival time

                  0.15   10.00   10.00   clock clk (rise edge)
                          0.00   10.00   clock network delay (ideal)
                         -0.25    9.75   clock uncertainty
                          0.00    9.75   clock reconvergence pessimism
                                  9.75 ^ _147_/CLK (sky130_fd_sc_hd__dfxtp_2)
                         -0.08    9.67   library setup time
                                  9.67   data required time
-----------------------------------------------------------------------------
                                  9.67   data required time
                                 -1.41   data arrival time
-----------------------------------------------------------------------------
                                  8.27   slack (MET)


Startpoint: _137_ (rising edge-triggered flip-flop clocked by clk)
Endpoint: _142_ (rising edge-triggered flip-flop clocked by clk)
Path Group: clk
Path Type: max

Fanout     Cap    Slew   Delay    Time   Description
-----------------------------------------------------------------------------
                  0.15    0.00    0.00   clock clk (rise edge)
                          0.00    0.00   clock network delay (ideal)
                  0.15    0.00    0.00 ^ _137_/CLK (sky130_fd_sc_hd__dfxtp_2)
     4    0.01    0.09    0.41    0.41 ^ _137_/Q (sky130_fd_sc_hd__dfxtp_2)
                                         display.refresh_counter[2] (net)
                  0.09    0.00    0.41 ^ _080_/D (sky130_fd_sc_hd__and4_2)
     1    0.00    0.05    0.22    0.63 ^ _080_/X (sky130_fd_sc_hd__and4_2)
                                         _039_ (net)
                  0.05    0.00    0.63 ^ _081_/A (sky130_fd_sc_hd__buf_1)
     8    0.02    0.29    0.26    0.89 ^ _081_/X (sky130_fd_sc_hd__buf_1)
                                         _040_ (net)
                  0.29    0.00    0.89 ^ _088_/D (sky130_fd_sc_hd__and4_2)
     2    0.01    0.07    0.29    1.19 ^ _088_/X (sky130_fd_sc_hd__and4_2)
                                         _044_ (net)
                  0.07    0.00    1.19 ^ _092_/B (sky130_fd_sc_hd__nor2_2)
     1    0.00    0.02    0.04    1.23 v _092_/Y (sky130_fd_sc_hd__nor2_2)
                                         _047_ (net)
                  0.02    0.00    1.23 v _095_/A (sky130_fd_sc_hd__nor2_2)
     1    0.00    0.05    0.08    1.30 ^ _095_/Y (sky130_fd_sc_hd__nor2_2)
                                         _014_ (net)
                  0.05    0.00    1.30 ^ _142_/D (sky130_fd_sc_hd__dfxtp_2)
                                  1.30   data arrival time

                  0.15   10.00   10.00   clock clk (rise edge)
                          0.00   10.00   clock network delay (ideal)
                         -0.25    9.75   clock uncertainty
                          0.00    9.75   clock reconvergence pessimism
                                  9.75 ^ _142_/CLK (sky130_fd_sc_hd__dfxtp_2)
                         -0.04    9.71   library setup time
                                  9.71   data required time
-----------------------------------------------------------------------------
                                  9.71   data required time
                                 -1.30   data arrival time
-----------------------------------------------------------------------------
                                  8.40   slack (MET)


Startpoint: _137_ (rising edge-triggered flip-flop clocked by clk)
Endpoint: _143_ (rising edge-triggered flip-flop clocked by clk)
Path Group: clk
Path Type: max

Fanout     Cap    Slew   Delay    Time   Description
-----------------------------------------------------------------------------
                  0.15    0.00    0.00   clock clk (rise edge)
                          0.00    0.00   clock network delay (ideal)
                  0.15    0.00    0.00 ^ _137_/CLK (sky130_fd_sc_hd__dfxtp_2)
     4    0.01    0.09    0.41    0.41 ^ _137_/Q (sky130_fd_sc_hd__dfxtp_2)
                                         display.refresh_counter[2] (net)
                  0.09    0.00    0.41 ^ _080_/D (sky130_fd_sc_hd__and4_2)
     1    0.00    0.05    0.22    0.63 ^ _080_/X (sky130_fd_sc_hd__and4_2)
                                         _039_ (net)
                  0.05    0.00    0.63 ^ _081_/A (sky130_fd_sc_hd__buf_1)
     8    0.02    0.29    0.26    0.89 ^ _081_/X (sky130_fd_sc_hd__buf_1)
                                         _040_ (net)
                  0.29    0.00    0.89 ^ _094_/A (sky130_fd_sc_hd__and2_2)
     4    0.02    0.10    0.27    1.16 ^ _094_/X (sky130_fd_sc_hd__and2_2)
                                         _049_ (net)
                  0.10    0.00    1.16 ^ _096_/B (sky130_fd_sc_hd__xor2_2)
     1    0.00    0.08    0.13    1.29 ^ _096_/X (sky130_fd_sc_hd__xor2_2)
                                         _015_ (net)
                  0.08    0.00    1.29 ^ _143_/D (sky130_fd_sc_hd__dfxtp_2)
                                  1.29   data arrival time

                  0.15   10.00   10.00   clock clk (rise edge)
                          0.00   10.00   clock network delay (ideal)
                         -0.25    9.75   clock uncertainty
                          0.00    9.75   clock reconvergence pessimism
                                  9.75 ^ _143_/CLK (sky130_fd_sc_hd__dfxtp_2)
                         -0.05    9.70   library setup time
                                  9.70   data required time
-----------------------------------------------------------------------------
                                  9.70   data required time
                                 -1.29   data arrival time
-----------------------------------------------------------------------------
                                  8.41   slack (MET)


Startpoint: _137_ (rising edge-triggered flip-flop clocked by clk)
Endpoint: _138_ (rising edge-triggered flip-flop clocked by clk)
Path Group: clk
Path Type: max

Fanout     Cap    Slew   Delay    Time   Description
-----------------------------------------------------------------------------
                  0.15    0.00    0.00   clock clk (rise edge)
                          0.00    0.00   clock network delay (ideal)
                  0.15    0.00    0.00 ^ _137_/CLK (sky130_fd_sc_hd__dfxtp_2)
     4    0.01    0.09    0.41    0.41 ^ _137_/Q (sky130_fd_sc_hd__dfxtp_2)
                                         display.refresh_counter[2] (net)
                  0.09    0.00    0.41 ^ _080_/D (sky130_fd_sc_hd__and4_2)
     1    0.00    0.05    0.22    0.63 ^ _080_/X (sky130_fd_sc_hd__and4_2)
                                         _039_ (net)
                  0.05    0.00    0.63 ^ _081_/A (sky130_fd_sc_hd__buf_1)
     8    0.02    0.29    0.26    0.89 ^ _081_/X (sky130_fd_sc_hd__buf_1)
                                         _040_ (net)
                  0.29    0.00    0.89 ^ _083_/A_N (sky130_fd_sc_hd__and2b_2)
     1    0.00    0.03    0.26    1.16 v _083_/X (sky130_fd_sc_hd__and2b_2)
                                         _042_ (net)
                  0.03    0.00    1.16 v _084_/A (sky130_fd_sc_hd__buf_1)
     1    0.00    0.02    0.08    1.24 v _084_/X (sky130_fd_sc_hd__buf_1)
                                         _010_ (net)
                  0.02    0.00    1.24 v _138_/D (sky130_fd_sc_hd__dfxtp_2)
                                  1.24   data arrival time

                  0.15   10.00   10.00   clock clk (rise edge)
                          0.00   10.00   clock network delay (ideal)
                         -0.25    9.75   clock uncertainty
                          0.00    9.75   clock reconvergence pessimism
                                  9.75 ^ _138_/CLK (sky130_fd_sc_hd__dfxtp_2)
                         -0.08    9.67   library setup time
                                  9.67   data required time
-----------------------------------------------------------------------------
                                  9.67   data required time
                                 -1.24   data arrival time
-----------------------------------------------------------------------------
                                  8.43   slack (MET)


Startpoint: _137_ (rising edge-triggered flip-flop clocked by clk)
Endpoint: _140_ (rising edge-triggered flip-flop clocked by clk)
Path Group: clk
Path Type: max

Fanout     Cap    Slew   Delay    Time   Description
-----------------------------------------------------------------------------
                  0.15    0.00    0.00   clock clk (rise edge)
                          0.00    0.00   clock network delay (ideal)
                  0.15    0.00    0.00 ^ _137_/CLK (sky130_fd_sc_hd__dfxtp_2)
     4    0.01    0.09    0.41    0.41 ^ _137_/Q (sky130_fd_sc_hd__dfxtp_2)
                                         display.refresh_counter[2] (net)
                  0.09    0.00    0.41 ^ _080_/D (sky130_fd_sc_hd__and4_2)
     1    0.00    0.05    0.22    0.63 ^ _080_/X (sky130_fd_sc_hd__and4_2)
                                         _039_ (net)
                  0.05    0.00    0.63 ^ _081_/A (sky130_fd_sc_hd__buf_1)
     8    0.02    0.29    0.26    0.89 ^ _081_/X (sky130_fd_sc_hd__buf_1)
                                         _040_ (net)
                  0.29    0.00    0.89 ^ _086_/B (sky130_fd_sc_hd__nand2_2)
     1    0.01    0.07    0.11    1.00 v _086_/Y (sky130_fd_sc_hd__nand2_2)
                                         _043_ (net)
                  0.07    0.00    1.00 v _087_/B (sky130_fd_sc_hd__xnor2_2)
     1    0.00    0.04    0.13    1.14 v _087_/Y (sky130_fd_sc_hd__xnor2_2)
                                         _012_ (net)
                  0.04    0.00    1.14 v _140_/D (sky130_fd_sc_hd__dfxtp_2)
                                  1.14   data arrival time

                  0.15   10.00   10.00   clock clk (rise edge)
                          0.00   10.00   clock network delay (ideal)
                         -0.25    9.75   clock uncertainty
                          0.00    9.75   clock reconvergence pessimism
                                  9.75 ^ _140_/CLK (sky130_fd_sc_hd__dfxtp_2)
                         -0.09    9.66   library setup time
                                  9.66   data required time
-----------------------------------------------------------------------------
                                  9.66   data required time
                                 -1.14   data arrival time
-----------------------------------------------------------------------------
                                  8.53   slack (MET)


Startpoint: _137_ (rising edge-triggered flip-flop clocked by clk)
Endpoint: _139_ (rising edge-triggered flip-flop clocked by clk)
Path Group: clk
Path Type: max

Fanout     Cap    Slew   Delay    Time   Description
-----------------------------------------------------------------------------
                  0.15    0.00    0.00   clock clk (rise edge)
                          0.00    0.00   clock network delay (ideal)
                  0.15    0.00    0.00 ^ _137_/CLK (sky130_fd_sc_hd__dfxtp_2)
     4    0.01    0.09    0.41    0.41 ^ _137_/Q (sky130_fd_sc_hd__dfxtp_2)
                                         display.refresh_counter[2] (net)
                  0.09    0.00    0.41 ^ _080_/D (sky130_fd_sc_hd__and4_2)
     1    0.00    0.05    0.22    0.63 ^ _080_/X (sky130_fd_sc_hd__and4_2)
                                         _039_ (net)
                  0.05    0.00    0.63 ^ _081_/A (sky130_fd_sc_hd__buf_1)
     8    0.02    0.29    0.26    0.89 ^ _081_/X (sky130_fd_sc_hd__buf_1)
                                         _040_ (net)
                  0.29    0.00    0.89 ^ _085_/B (sky130_fd_sc_hd__xor2_2)
     1    0.00    0.08    0.15    1.04 ^ _085_/X (sky130_fd_sc_hd__xor2_2)
                                         _011_ (net)
                  0.08    0.00    1.04 ^ _139_/D (sky130_fd_sc_hd__dfxtp_2)
                                  1.04   data arrival time

                  0.15   10.00   10.00   clock clk (rise edge)
                          0.00   10.00   clock network delay (ideal)
                         -0.25    9.75   clock uncertainty
                          0.00    9.75   clock reconvergence pessimism
                                  9.75 ^ _139_/CLK (sky130_fd_sc_hd__dfxtp_2)
                         -0.05    9.70   library setup time
                                  9.70   data required time
-----------------------------------------------------------------------------
                                  9.70   data required time
                                 -1.04   data arrival time
-----------------------------------------------------------------------------
                                  8.66   slack (MET)


Startpoint: _136_ (rising edge-triggered flip-flop clocked by clk)
Endpoint: _136_ (rising edge-triggered flip-flop clocked by clk)
Path Group: clk
Path Type: max

Fanout     Cap    Slew   Delay    Time   Description
-----------------------------------------------------------------------------
                  0.15    0.00    0.00   clock clk (rise edge)
                          0.00    0.00   clock network delay (ideal)
                  0.15    0.00    0.00 ^ _136_/CLK (sky130_fd_sc_hd__dfxtp_2)
     4    0.01    0.04    0.38    0.38 v _136_/Q (sky130_fd_sc_hd__dfxtp_2)
                                         display.refresh_counter[1] (net)
                  0.04    0.00    0.38 v _076_/A (sky130_fd_sc_hd__or2_2)
     2    0.00    0.05    0.30    0.67 v _076_/X (sky130_fd_sc_hd__or2_2)
                                         _037_ (net)
                  0.05    0.00    0.67 v _077_/B (sky130_fd_sc_hd__and2_2)
     1    0.00    0.03    0.19    0.87 v _077_/X (sky130_fd_sc_hd__and2_2)
                                         _038_ (net)
                  0.03    0.00    0.87 v _078_/A (sky130_fd_sc_hd__buf_1)
     1    0.00    0.02    0.08    0.95 v _078_/X (sky130_fd_sc_hd__buf_1)
                                         _008_ (net)
                  0.02    0.00    0.95 v _136_/D (sky130_fd_sc_hd__dfxtp_2)
                                  0.95   data arrival time

                  0.15   10.00   10.00   clock clk (rise edge)
                          0.00   10.00   clock network delay (ideal)
                         -0.25    9.75   clock uncertainty
                          0.00    9.75   clock reconvergence pessimism
                                  9.75 ^ _136_/CLK (sky130_fd_sc_hd__dfxtp_2)
                         -0.08    9.67   library setup time
                                  9.67   data required time
-----------------------------------------------------------------------------
                                  9.67   data required time
                                 -0.95   data arrival time
-----------------------------------------------------------------------------
                                  8.73   slack (MET)


Startpoint: _135_ (rising edge-triggered flip-flop clocked by clk)
Endpoint: _137_ (rising edge-triggered flip-flop clocked by clk)
Path Group: clk
Path Type: max

Fanout     Cap    Slew   Delay    Time   Description
-----------------------------------------------------------------------------
                  0.15    0.00    0.00   clock clk (rise edge)
                          0.00    0.00   clock network delay (ideal)
                  0.15    0.00    0.00 ^ _135_/CLK (sky130_fd_sc_hd__dfxtp_2)
     5    0.01    0.09    0.41    0.41 ^ _135_/Q (sky130_fd_sc_hd__dfxtp_2)
                                         display.refresh_counter[0] (net)
                  0.09    0.00    0.41 ^ _075_/B (sky130_fd_sc_hd__nand2_2)
     2    0.01    0.05    0.08    0.48 v _075_/Y (sky130_fd_sc_hd__nand2_2)
                                         _036_ (net)
                  0.05    0.00    0.48 v _079_/B (sky130_fd_sc_hd__xnor2_2)
     1    0.00    0.04    0.12    0.61 v _079_/Y (sky130_fd_sc_hd__xnor2_2)
                                         _009_ (net)
                  0.04    0.00    0.61 v _137_/D (sky130_fd_sc_hd__dfxtp_2)
                                  0.61   data arrival time

                  0.15   10.00   10.00   clock clk (rise edge)
                          0.00   10.00   clock network delay (ideal)
                         -0.25    9.75   clock uncertainty
                          0.00    9.75   clock reconvergence pessimism
                                  9.75 ^ _137_/CLK (sky130_fd_sc_hd__dfxtp_2)
                         -0.09    9.66   library setup time
                                  9.66   data required time
-----------------------------------------------------------------------------
                                  9.66   data required time
                                 -0.61   data arrival time
-----------------------------------------------------------------------------
                                  9.06   slack (MET)


Startpoint: _135_ (rising edge-triggered flip-flop clocked by clk)
Endpoint: _135_ (rising edge-triggered flip-flop clocked by clk)
Path Group: clk
Path Type: max

Fanout     Cap    Slew   Delay    Time   Description
-----------------------------------------------------------------------------
                  0.15    0.00    0.00   clock clk (rise edge)
                          0.00    0.00   clock network delay (ideal)
                  0.15    0.00    0.00 ^ _135_/CLK (sky130_fd_sc_hd__dfxtp_2)
     5    0.01    0.09    0.41    0.41 ^ _135_/Q (sky130_fd_sc_hd__dfxtp_2)
                                         display.refresh_counter[0] (net)
                  0.09    0.00    0.41 ^ _074_/A (sky130_fd_sc_hd__inv_2)
     1    0.00    0.02    0.03    0.43 v _074_/Y (sky130_fd_sc_hd__inv_2)
                                         _000_ (net)
                  0.02    0.00    0.43 v _135_/D (sky130_fd_sc_hd__dfxtp_2)
                                  0.43   data arrival time

                  0.15   10.00   10.00   clock clk (rise edge)
                          0.00   10.00   clock network delay (ideal)
                         -0.25    9.75   clock uncertainty
                          0.00    9.75   clock reconvergence pessimism
                                  9.75 ^ _135_/CLK (sky130_fd_sc_hd__dfxtp_2)
                         -0.08    9.67   library setup time
                                  9.67   data required time
-----------------------------------------------------------------------------
                                  9.67   data required time
                                 -0.43   data arrival time
-----------------------------------------------------------------------------
                                  9.24   slack (MET)



worst slack corner Typical: 6.5878
