
===========================================================================
report_checks -path_delay min (Hold)
============================================================================
======================= Typical Corner ===================================

Startpoint: _135_ (rising edge-triggered flip-flop clocked by clk)
Endpoint: _135_ (rising edge-triggered flip-flop clocked by clk)
Path Group: clk
Path Type: min

Fanout     Cap    Slew   Delay    Time   Description
-----------------------------------------------------------------------------
                  0.15    0.00    0.00   clock clk (rise edge)
                          0.00    0.00   clock network delay (ideal)
                  0.15    0.00    0.00 ^ _135_/CLK (sky130_fd_sc_hd__dfxtp_2)
     5    0.01    0.05    0.35    0.35 v _135_/Q (sky130_fd_sc_hd__dfxtp_2)
                                         display.refresh_counter[0] (net)
                  0.05    0.00    0.35 v _074_/A (sky130_fd_sc_hd__inv_2)
     1    0.00    0.02    0.04    0.39 ^ _074_/Y (sky130_fd_sc_hd__inv_2)
                                         _000_ (net)
                  0.02    0.00    0.39 ^ _135_/D (sky130_fd_sc_hd__dfxtp_2)
                                  0.39   data arrival time

                  0.15    0.00    0.00   clock clk (rise edge)
                          0.00    0.00   clock network delay (ideal)
                          0.25    0.25   clock uncertainty
                          0.00    0.25   clock reconvergence pessimism
                                  0.25 ^ _135_/CLK (sky130_fd_sc_hd__dfxtp_2)
                         -0.01    0.24   library hold time
                                  0.24   data required time
-----------------------------------------------------------------------------
                                  0.24   data required time
                                 -0.39   data arrival time
-----------------------------------------------------------------------------
                                  0.15   slack (MET)


Startpoint: _151_ (rising edge-triggered flip-flop clocked by clk)
Endpoint: _151_ (rising edge-triggered flip-flop clocked by clk)
Path Group: clk
Path Type: min

Fanout     Cap    Slew   Delay    Time   Description
-----------------------------------------------------------------------------
                  0.15    0.00    0.00   clock clk (rise edge)
                          0.00    0.00   clock network delay (ideal)
                  0.15    0.00    0.00 ^ _151_/CLK (sky130_fd_sc_hd__dfxtp_2)
     2    0.01    0.07    0.36    0.36 ^ _151_/Q (sky130_fd_sc_hd__dfxtp_2)
                                         display.refresh_counter[16] (net)
                  0.07    0.00    0.36 ^ _117_/A (sky130_fd_sc_hd__xor2_2)
     1    0.00    0.03    0.06    0.41 v _117_/X (sky130_fd_sc_hd__xor2_2)
                                         _007_ (net)
                  0.03    0.00    0.41 v _151_/D (sky130_fd_sc_hd__dfxtp_2)
                                  0.41   data arrival time

                  0.15    0.00    0.00   clock clk (rise edge)
                          0.00    0.00   clock network delay (ideal)
                          0.25    0.25   clock uncertainty
                          0.00    0.25   clock reconvergence pessimism
                                  0.25 ^ _151_/CLK (sky130_fd_sc_hd__dfxtp_2)
                         -0.02    0.23   library hold time
                                  0.23   data required time
-----------------------------------------------------------------------------
                                  0.23   data required time
                                 -0.41   data arrival time
-----------------------------------------------------------------------------
                                  0.18   slack (MET)


Startpoint: _146_ (rising edge-triggered flip-flop clocked by clk)
Endpoint: _146_ (rising edge-triggered flip-flop clocked by clk)
Path Group: clk
Path Type: min

Fanout     Cap    Slew   Delay    Time   Description
-----------------------------------------------------------------------------
                  0.15    0.00    0.00   clock clk (rise edge)
                          0.00    0.00   clock network delay (ideal)
                  0.15    0.00    0.00 ^ _146_/CLK (sky130_fd_sc_hd__dfxtp_2)
     3    0.01    0.08    0.36    0.36 ^ _146_/Q (sky130_fd_sc_hd__dfxtp_2)
                                         display.refresh_counter[11] (net)
                  0.08    0.00    0.36 ^ _103_/A (sky130_fd_sc_hd__xor2_2)
     1    0.00    0.03    0.06    0.42 v _103_/X (sky130_fd_sc_hd__xor2_2)
                                         _002_ (net)
                  0.03    0.00    0.42 v _146_/D (sky130_fd_sc_hd__dfxtp_2)
                                  0.42   data arrival time

                  0.15    0.00    0.00   clock clk (rise edge)
                          0.00    0.00   clock network delay (ideal)
                          0.25    0.25   clock uncertainty
                          0.00    0.25   clock reconvergence pessimism
                                  0.25 ^ _146_/CLK (sky130_fd_sc_hd__dfxtp_2)
                         -0.02    0.23   library hold time
                                  0.23   data required time
-----------------------------------------------------------------------------
                                  0.23   data required time
                                 -0.42   data arrival time
-----------------------------------------------------------------------------
                                  0.19   slack (MET)


Startpoint: _137_ (rising edge-triggered flip-flop clocked by clk)
Endpoint: _137_ (rising edge-triggered flip-flop clocked by clk)
Path Group: clk
Path Type: min

Fanout     Cap    Slew   Delay    Time   Description
-----------------------------------------------------------------------------
                  0.15    0.00    0.00   clock clk (rise edge)
                          0.00    0.00   clock network delay (ideal)
                  0.15    0.00    0.00 ^ _137_/CLK (sky130_fd_sc_hd__dfxtp_2)
     4    0.02    0.09    0.37    0.37 ^ _137_/Q (sky130_fd_sc_hd__dfxtp_2)
                                         display.refresh_counter[2] (net)
                  0.09    0.00    0.37 ^ _079_/A (sky130_fd_sc_hd__xnor2_2)
     1    0.00    0.02    0.06    0.44 v _079_/Y (sky130_fd_sc_hd__xnor2_2)
                                         _009_ (net)
                  0.02    0.00    0.44 v _137_/D (sky130_fd_sc_hd__dfxtp_2)
                                  0.44   data arrival time

                  0.15    0.00    0.00   clock clk (rise edge)
                          0.00    0.00   clock network delay (ideal)
                          0.25    0.25   clock uncertainty
                          0.00    0.25   clock reconvergence pessimism
                                  0.25 ^ _137_/CLK (sky130_fd_sc_hd__dfxtp_2)
                         -0.01    0.24   library hold time
                                  0.24   data required time
-----------------------------------------------------------------------------
                                  0.24   data required time
                                 -0.44   data arrival time
-----------------------------------------------------------------------------
                                  0.20   slack (MET)


Startpoint: _149_ (rising edge-triggered flip-flop clocked by clk)
Endpoint: _149_ (rising edge-triggered flip-flop clocked by clk)
Path Group: clk
Path Type: min

Fanout     Cap    Slew   Delay    Time   Description
-----------------------------------------------------------------------------
                  0.15    0.00    0.00   clock clk (rise edge)
                          0.00    0.00   clock network delay (ideal)
                  0.15    0.00    0.00 ^ _149_/CLK (sky130_fd_sc_hd__dfxtp_2)
     4    0.02    0.09    0.37    0.37 ^ _149_/Q (sky130_fd_sc_hd__dfxtp_2)
                                         display.refresh_counter[14] (net)
                  0.09    0.00    0.37 ^ _111_/A (sky130_fd_sc_hd__xnor2_2)
     1    0.00    0.03    0.06    0.43 v _111_/Y (sky130_fd_sc_hd__xnor2_2)
                                         _005_ (net)
                  0.03    0.00    0.43 v _149_/D (sky130_fd_sc_hd__dfxtp_2)
                                  0.43   data arrival time

                  0.15    0.00    0.00   clock clk (rise edge)
                          0.00    0.00   clock network delay (ideal)
                          0.25    0.25   clock uncertainty
                          0.00    0.25   clock reconvergence pessimism
                                  0.25 ^ _149_/CLK (sky130_fd_sc_hd__dfxtp_2)
                         -0.01    0.24   library hold time
                                  0.24   data required time
-----------------------------------------------------------------------------
                                  0.24   data required time
                                 -0.43   data arrival time
-----------------------------------------------------------------------------
                                  0.20   slack (MET)


Startpoint: _145_ (rising edge-triggered flip-flop clocked by clk)
Endpoint: _145_ (rising edge-triggered flip-flop clocked by clk)
Path Group: clk
Path Type: min

Fanout     Cap    Slew   Delay    Time   Description
-----------------------------------------------------------------------------
                  0.15    0.00    0.00   clock clk (rise edge)
                          0.00    0.00   clock network delay (ideal)
                  0.15    0.00    0.00 ^ _145_/CLK (sky130_fd_sc_hd__dfxtp_2)
     4    0.02    0.09    0.37    0.37 ^ _145_/Q (sky130_fd_sc_hd__dfxtp_2)
                                         display.refresh_counter[10] (net)
                  0.09    0.00    0.37 ^ _101_/A (sky130_fd_sc_hd__xor2_2)
     1    0.00    0.03    0.06    0.43 v _101_/X (sky130_fd_sc_hd__xor2_2)
                                         _001_ (net)
                  0.03    0.00    0.43 v _145_/D (sky130_fd_sc_hd__dfxtp_2)
                                  0.43   data arrival time

                  0.15    0.00    0.00   clock clk (rise edge)
                          0.00    0.00   clock network delay (ideal)
                          0.25    0.25   clock uncertainty
                          0.00    0.25   clock reconvergence pessimism
                                  0.25 ^ _145_/CLK (sky130_fd_sc_hd__dfxtp_2)
                         -0.02    0.23   library hold time
                                  0.23   data required time
-----------------------------------------------------------------------------
                                  0.23   data required time
                                 -0.43   data arrival time
-----------------------------------------------------------------------------
                                  0.20   slack (MET)


Startpoint: _134_ (rising edge-triggered flip-flop clocked by clk)
Endpoint: _134_ (rising edge-triggered flip-flop clocked by clk)
Path Group: clk
Path Type: min

Fanout     Cap    Slew   Delay    Time   Description
-----------------------------------------------------------------------------
                  0.15    0.00    0.00   clock clk (rise edge)
                          0.00    0.00   clock network delay (ideal)
                  0.15    0.00    0.00 ^ _134_/CLK (sky130_fd_sc_hd__dfxtp_2)
     5    0.02    0.09    0.37    0.37 ^ _134_/Q (sky130_fd_sc_hd__dfxtp_2)
                                         display.digit_select[2] (net)
                  0.09    0.00    0.37 ^ _131_/A (sky130_fd_sc_hd__xnor2_2)
     1    0.00    0.02    0.06    0.44 v _131_/Y (sky130_fd_sc_hd__xnor2_2)
                                         _019_ (net)
                  0.02    0.00    0.44 v _134_/D (sky130_fd_sc_hd__dfxtp_2)
                                  0.44   data arrival time

                  0.15    0.00    0.00   clock clk (rise edge)
                          0.00    0.00   clock network delay (ideal)
                          0.25    0.25   clock uncertainty
                          0.00    0.25   clock reconvergence pessimism
                                  0.25 ^ _134_/CLK (sky130_fd_sc_hd__dfxtp_2)
                         -0.01    0.24   library hold time
                                  0.24   data required time
-----------------------------------------------------------------------------
                                  0.24   data required time
                                 -0.44   data arrival time
-----------------------------------------------------------------------------
                                  0.20   slack (MET)


Startpoint: _140_ (rising edge-triggered flip-flop clocked by clk)
Endpoint: _140_ (rising edge-triggered flip-flop clocked by clk)
Path Group: clk
Path Type: min

Fanout     Cap    Slew   Delay    Time   Description
-----------------------------------------------------------------------------
                  0.15    0.00    0.00   clock clk (rise edge)
                          0.00    0.00   clock network delay (ideal)
                  0.15    0.00    0.00 ^ _140_/CLK (sky130_fd_sc_hd__dfxtp_2)
     5    0.02    0.10    0.38    0.38 ^ _140_/Q (sky130_fd_sc_hd__dfxtp_2)
                                         display.refresh_counter[5] (net)
                  0.10    0.00    0.38 ^ _087_/A (sky130_fd_sc_hd__xnor2_2)
     1    0.00    0.02    0.06    0.44 v _087_/Y (sky130_fd_sc_hd__xnor2_2)
                                         _012_ (net)
                  0.02    0.00    0.44 v _140_/D (sky130_fd_sc_hd__dfxtp_2)
                                  0.44   data arrival time

                  0.15    0.00    0.00   clock clk (rise edge)
                          0.00    0.00   clock network delay (ideal)
                          0.25    0.25   clock uncertainty
                          0.00    0.25   clock reconvergence pessimism
                                  0.25 ^ _140_/CLK (sky130_fd_sc_hd__dfxtp_2)
                         -0.01    0.24   library hold time
                                  0.24   data required time
-----------------------------------------------------------------------------
                                  0.24   data required time
                                 -0.44   data arrival time
-----------------------------------------------------------------------------
                                  0.21   slack (MET)


Startpoint: _143_ (rising edge-triggered flip-flop clocked by clk)
Endpoint: _143_ (rising edge-triggered flip-flop clocked by clk)
Path Group: clk
Path Type: min

Fanout     Cap    Slew   Delay    Time   Description
-----------------------------------------------------------------------------
                  0.15    0.00    0.00   clock clk (rise edge)
                          0.00    0.00   clock network delay (ideal)
                  0.15    0.00    0.00 ^ _143_/CLK (sky130_fd_sc_hd__dfxtp_2)
     6    0.02    0.11    0.38    0.38 ^ _143_/Q (sky130_fd_sc_hd__dfxtp_2)
                                         display.refresh_counter[8] (net)
                  0.11    0.00    0.38 ^ _096_/A (sky130_fd_sc_hd__xor2_2)
     1    0.00    0.03    0.07    0.45 v _096_/X (sky130_fd_sc_hd__xor2_2)
                                         _015_ (net)
                  0.03    0.00    0.45 v _143_/D (sky130_fd_sc_hd__dfxtp_2)
                                  0.45   data arrival time

                  0.15    0.00    0.00   clock clk (rise edge)
                          0.00    0.00   clock network delay (ideal)
                          0.25    0.25   clock uncertainty
                          0.00    0.25   clock reconvergence pessimism
                                  0.25 ^ _143_/CLK (sky130_fd_sc_hd__dfxtp_2)
                         -0.02    0.23   library hold time
                                  0.23   data required time
-----------------------------------------------------------------------------
                                  0.23   data required time
                                 -0.45   data arrival time
-----------------------------------------------------------------------------
                                  0.21   slack (MET)


Startpoint: _142_ (rising edge-triggered flip-flop clocked by clk)
Endpoint: _142_ (rising edge-triggered flip-flop clocked by clk)
Path Group: clk
Path Type: min

Fanout     Cap    Slew   Delay    Time   Description
-----------------------------------------------------------------------------
                  0.15    0.00    0.00   clock clk (rise edge)
                          0.00    0.00   clock network delay (ideal)
                  0.15    0.00    0.00 ^ _142_/CLK (sky130_fd_sc_hd__dfxtp_2)
     3    0.01    0.06    0.35    0.35 ^ _142_/Q (sky130_fd_sc_hd__dfxtp_2)
                                         display.refresh_counter[7] (net)
                  0.06    0.00    0.35 ^ _092_/A (sky130_fd_sc_hd__nor2_2)
     1    0.00    0.02    0.04    0.39 v _092_/Y (sky130_fd_sc_hd__nor2_2)
                                         _047_ (net)
                  0.02    0.00    0.39 v _095_/A (sky130_fd_sc_hd__nor2_2)
     1    0.00    0.05    0.07    0.46 ^ _095_/Y (sky130_fd_sc_hd__nor2_2)
                                         _014_ (net)
                  0.05    0.00    0.46 ^ _142_/D (sky130_fd_sc_hd__dfxtp_2)
                                  0.46   data arrival time

                  0.15    0.00    0.00   clock clk (rise edge)
                          0.00    0.00   clock network delay (ideal)
                          0.25    0.25   clock uncertainty
                          0.00    0.25   clock reconvergence pessimism
                                  0.25 ^ _142_/CLK (sky130_fd_sc_hd__dfxtp_2)
                         -0.02    0.23   library hold time
                                  0.23   data required time
-----------------------------------------------------------------------------
                                  0.23   data required time
                                 -0.46   data arrival time
-----------------------------------------------------------------------------
                                  0.23   slack (MET)


Startpoint: _139_ (rising edge-triggered flip-flop clocked by clk)
Endpoint: _139_ (rising edge-triggered flip-flop clocked by clk)
Path Group: clk
Path Type: min

Fanout     Cap    Slew   Delay    Time   Description
-----------------------------------------------------------------------------
                  0.15    0.00    0.00   clock clk (rise edge)
                          0.00    0.00   clock network delay (ideal)
                  0.15    0.00    0.00 ^ _139_/CLK (sky130_fd_sc_hd__dfxtp_2)
     6    0.02    0.12    0.39    0.39 ^ _139_/Q (sky130_fd_sc_hd__dfxtp_2)
                                         display.refresh_counter[4] (net)
                  0.12    0.00    0.39 ^ _085_/A (sky130_fd_sc_hd__xor2_2)
     1    0.00    0.03    0.07    0.46 v _085_/X (sky130_fd_sc_hd__xor2_2)
                                         _011_ (net)
                  0.03    0.00    0.46 v _139_/D (sky130_fd_sc_hd__dfxtp_2)
                                  0.46   data arrival time

                  0.15    0.00    0.00   clock clk (rise edge)
                          0.00    0.00   clock network delay (ideal)
                          0.25    0.25   clock uncertainty
                          0.00    0.25   clock reconvergence pessimism
                                  0.25 ^ _139_/CLK (sky130_fd_sc_hd__dfxtp_2)
                         -0.02    0.23   library hold time
                                  0.23   data required time
-----------------------------------------------------------------------------
                                  0.23   data required time
                                 -0.46   data arrival time
-----------------------------------------------------------------------------
                                  0.23   slack (MET)


Startpoint: _133_ (rising edge-triggered flip-flop clocked by clk)
Endpoint: _133_ (rising edge-triggered flip-flop clocked by clk)
Path Group: clk
Path Type: min

Fanout     Cap    Slew   Delay    Time   Description
-----------------------------------------------------------------------------
                  0.15    0.00    0.00   clock clk (rise edge)
                          0.00    0.00   clock network delay (ideal)
                  0.15    0.00    0.00 ^ _133_/CLK (sky130_fd_sc_hd__dfxtp_2)
     6    0.01    0.08    0.37    0.37 ^ _133_/Q (sky130_fd_sc_hd__dfxtp_2)
                                         display.digit_select[1] (net)
                  0.08    0.00    0.37 ^ _129_/A1 (sky130_fd_sc_hd__a21bo_2)
     1    0.00    0.03    0.11    0.48 ^ _129_/X (sky130_fd_sc_hd__a21bo_2)
                                         _018_ (net)
                  0.03    0.00    0.48 ^ _133_/D (sky130_fd_sc_hd__dfxtp_2)
                                  0.48   data arrival time

                  0.15    0.00    0.00   clock clk (rise edge)
                          0.00    0.00   clock network delay (ideal)
                          0.25    0.25   clock uncertainty
                          0.00    0.25   clock reconvergence pessimism
                                  0.25 ^ _133_/CLK (sky130_fd_sc_hd__dfxtp_2)
                         -0.01    0.24   library hold time
                                  0.24   data required time
-----------------------------------------------------------------------------
                                  0.24   data required time
                                 -0.48   data arrival time
-----------------------------------------------------------------------------
                                  0.24   slack (MET)


Startpoint: _148_ (rising edge-triggered flip-flop clocked by clk)
Endpoint: _148_ (rising edge-triggered flip-flop clocked by clk)
Path Group: clk
Path Type: min

Fanout     Cap    Slew   Delay    Time   Description
-----------------------------------------------------------------------------
                  0.15    0.00    0.00   clock clk (rise edge)
                          0.00    0.00   clock network delay (ideal)
                  0.15    0.00    0.00 ^ _148_/CLK (sky130_fd_sc_hd__dfxtp_2)
     5    0.01    0.08    0.36    0.36 ^ _148_/Q (sky130_fd_sc_hd__dfxtp_2)
                                         display.refresh_counter[13] (net)
                  0.08    0.00    0.36 ^ _110_/A1 (sky130_fd_sc_hd__o21a_2)
     1    0.00    0.03    0.12    0.48 ^ _110_/X (sky130_fd_sc_hd__o21a_2)
                                         _004_ (net)
                  0.03    0.00    0.48 ^ _148_/D (sky130_fd_sc_hd__dfxtp_2)
                                  0.48   data arrival time

                  0.15    0.00    0.00   clock clk (rise edge)
                          0.00    0.00   clock network delay (ideal)
                          0.25    0.25   clock uncertainty
                          0.00    0.25   clock reconvergence pessimism
                                  0.25 ^ _148_/CLK (sky130_fd_sc_hd__dfxtp_2)
                         -0.01    0.24   library hold time
                                  0.24   data required time
-----------------------------------------------------------------------------
                                  0.24   data required time
                                 -0.48   data arrival time
-----------------------------------------------------------------------------
                                  0.25   slack (MET)


Startpoint: _147_ (rising edge-triggered flip-flop clocked by clk)
Endpoint: _147_ (rising edge-triggered flip-flop clocked by clk)
Path Group: clk
Path Type: min

Fanout     Cap    Slew   Delay    Time   Description
-----------------------------------------------------------------------------
                  0.15    0.00    0.00   clock clk (rise edge)
                          0.00    0.00   clock network delay (ideal)
                  0.15    0.00    0.00 ^ _147_/CLK (sky130_fd_sc_hd__dfxtp_2)
     6    0.02    0.10    0.38    0.38 ^ _147_/Q (sky130_fd_sc_hd__dfxtp_2)
                                         display.refresh_counter[12] (net)
                  0.10    0.00    0.38 ^ _107_/A (sky130_fd_sc_hd__nor2_2)
     1    0.00    0.03    0.05    0.43 v _107_/Y (sky130_fd_sc_hd__nor2_2)
                                         _057_ (net)
                  0.03    0.00    0.43 v _108_/B (sky130_fd_sc_hd__nor2_2)
     1    0.00    0.05    0.05    0.48 ^ _108_/Y (sky130_fd_sc_hd__nor2_2)
                                         _003_ (net)
                  0.05    0.00    0.48 ^ _147_/D (sky130_fd_sc_hd__dfxtp_2)
                                  0.48   data arrival time

                  0.15    0.00    0.00   clock clk (rise edge)
                          0.00    0.00   clock network delay (ideal)
                          0.25    0.25   clock uncertainty
                          0.00    0.25   clock reconvergence pessimism
                                  0.25 ^ _147_/CLK (sky130_fd_sc_hd__dfxtp_2)
                         -0.02    0.23   library hold time
                                  0.23   data required time
-----------------------------------------------------------------------------
                                  0.23   data required time
                                 -0.48   data arrival time
-----------------------------------------------------------------------------
                                  0.25   slack (MET)


Startpoint: _150_ (rising edge-triggered flip-flop clocked by clk)
Endpoint: _150_ (rising edge-triggered flip-flop clocked by clk)
Path Group: clk
Path Type: min

Fanout     Cap    Slew   Delay    Time   Description
-----------------------------------------------------------------------------
                  0.15    0.00    0.00   clock clk (rise edge)
                          0.00    0.00   clock network delay (ideal)
                  0.15    0.00    0.00 ^ _150_/CLK (sky130_fd_sc_hd__dfxtp_2)
     3    0.01    0.04    0.34    0.34 ^ _150_/Q (sky130_fd_sc_hd__dfxtp_2)
                                         display.refresh_counter[15] (net)
                  0.04    0.00    0.34 ^ _114_/B1 (sky130_fd_sc_hd__a41o_2)
     1    0.00    0.03    0.08    0.41 ^ _114_/X (sky130_fd_sc_hd__a41o_2)
                                         _061_ (net)
                  0.03    0.00    0.41 ^ _115_/B (sky130_fd_sc_hd__and2b_2)
     1    0.00    0.03    0.11    0.53 ^ _115_/X (sky130_fd_sc_hd__and2b_2)
                                         _062_ (net)
                  0.03    0.00    0.53 ^ _116_/A (sky130_fd_sc_hd__buf_1)
     1    0.00    0.03    0.06    0.59 ^ _116_/X (sky130_fd_sc_hd__buf_1)
                                         _006_ (net)
                  0.03    0.00    0.59 ^ _150_/D (sky130_fd_sc_hd__dfxtp_2)
                                  0.59   data arrival time

                  0.15    0.00    0.00   clock clk (rise edge)
                          0.00    0.00   clock network delay (ideal)
                          0.25    0.25   clock uncertainty
                          0.00    0.25   clock reconvergence pessimism
                                  0.25 ^ _150_/CLK (sky130_fd_sc_hd__dfxtp_2)
                         -0.02    0.23   library hold time
                                  0.23   data required time
-----------------------------------------------------------------------------
                                  0.23   data required time
                                 -0.59   data arrival time
-----------------------------------------------------------------------------
                                  0.36   slack (MET)


Startpoint: _136_ (rising edge-triggered flip-flop clocked by clk)
Endpoint: _136_ (rising edge-triggered flip-flop clocked by clk)
Path Group: clk
Path Type: min

Fanout     Cap    Slew   Delay    Time   Description
-----------------------------------------------------------------------------
                  0.15    0.00    0.00   clock clk (rise edge)
                          0.00    0.00   clock network delay (ideal)
                  0.15    0.00    0.00 ^ _136_/CLK (sky130_fd_sc_hd__dfxtp_2)
     4    0.01    0.04    0.34    0.34 v _136_/Q (sky130_fd_sc_hd__dfxtp_2)
                                         display.refresh_counter[1] (net)
                  0.04    0.00    0.34 v _075_/A (sky130_fd_sc_hd__nand2_2)
     2    0.01    0.06    0.07    0.41 ^ _075_/Y (sky130_fd_sc_hd__nand2_2)
                                         _036_ (net)
                  0.06    0.00    0.41 ^ _077_/A (sky130_fd_sc_hd__and2_2)
     1    0.00    0.04    0.12    0.53 ^ _077_/X (sky130_fd_sc_hd__and2_2)
                                         _038_ (net)
                  0.04    0.00    0.53 ^ _078_/A (sky130_fd_sc_hd__buf_1)
     1    0.00    0.03    0.06    0.60 ^ _078_/X (sky130_fd_sc_hd__buf_1)
                                         _008_ (net)
                  0.03    0.00    0.60 ^ _136_/D (sky130_fd_sc_hd__dfxtp_2)
                                  0.60   data arrival time

                  0.15    0.00    0.00   clock clk (rise edge)
                          0.00    0.00   clock network delay (ideal)
                          0.25    0.25   clock uncertainty
                          0.00    0.25   clock reconvergence pessimism
                                  0.25 ^ _136_/CLK (sky130_fd_sc_hd__dfxtp_2)
                         -0.02    0.23   library hold time
                                  0.23   data required time
-----------------------------------------------------------------------------
                                  0.23   data required time
                                 -0.60   data arrival time
-----------------------------------------------------------------------------
                                  0.36   slack (MET)


Startpoint: _138_ (rising edge-triggered flip-flop clocked by clk)
Endpoint: _138_ (rising edge-triggered flip-flop clocked by clk)
Path Group: clk
Path Type: min

Fanout     Cap    Slew   Delay    Time   Description
-----------------------------------------------------------------------------
                  0.15    0.00    0.00   clock clk (rise edge)
                          0.00    0.00   clock network delay (ideal)
                  0.15    0.00    0.00 ^ _138_/CLK (sky130_fd_sc_hd__dfxtp_2)
     3    0.01    0.05    0.34    0.34 ^ _138_/Q (sky130_fd_sc_hd__dfxtp_2)
                                         display.refresh_counter[3] (net)
                  0.05    0.00    0.34 ^ _082_/B1 (sky130_fd_sc_hd__a31o_2)
     1    0.00    0.03    0.08    0.42 ^ _082_/X (sky130_fd_sc_hd__a31o_2)
                                         _041_ (net)
                  0.03    0.00    0.42 ^ _083_/B (sky130_fd_sc_hd__and2b_2)
     1    0.00    0.03    0.12    0.53 ^ _083_/X (sky130_fd_sc_hd__and2b_2)
                                         _042_ (net)
                  0.03    0.00    0.53 ^ _084_/A (sky130_fd_sc_hd__buf_1)
     1    0.00    0.03    0.07    0.60 ^ _084_/X (sky130_fd_sc_hd__buf_1)
                                         _010_ (net)
                  0.03    0.00    0.60 ^ _138_/D (sky130_fd_sc_hd__dfxtp_2)
                                  0.60   data arrival time

                  0.15    0.00    0.00   clock clk (rise edge)
                          0.00    0.00   clock network delay (ideal)
                          0.25    0.25   clock uncertainty
                          0.00    0.25   clock reconvergence pessimism
                                  0.25 ^ _138_/CLK (sky130_fd_sc_hd__dfxtp_2)
                         -0.02    0.23   library hold time
                                  0.23   data required time
-----------------------------------------------------------------------------
                                  0.23   data required time
                                 -0.60   data arrival time
-----------------------------------------------------------------------------
                                  0.36   slack (MET)


Startpoint: _141_ (rising edge-triggered flip-flop clocked by clk)
Endpoint: _141_ (rising edge-triggered flip-flop clocked by clk)
Path Group: clk
Path Type: min

Fanout     Cap    Slew   Delay    Time   Description
-----------------------------------------------------------------------------
                  0.15    0.00    0.00   clock clk (rise edge)
                          0.00    0.00   clock network delay (ideal)
                  0.15    0.00    0.00 ^ _141_/CLK (sky130_fd_sc_hd__dfxtp_2)
     4    0.01    0.05    0.34    0.34 ^ _141_/Q (sky130_fd_sc_hd__dfxtp_2)
                                         display.refresh_counter[6] (net)
                  0.05    0.00    0.34 ^ _089_/B1 (sky130_fd_sc_hd__a31o_2)
     1    0.00    0.03    0.08    0.43 ^ _089_/X (sky130_fd_sc_hd__a31o_2)
                                         _045_ (net)
                  0.03    0.00    0.43 ^ _090_/B (sky130_fd_sc_hd__and2b_2)
     1    0.00    0.03    0.12    0.54 ^ _090_/X (sky130_fd_sc_hd__and2b_2)
                                         _046_ (net)
                  0.03    0.00    0.54 ^ _091_/A (sky130_fd_sc_hd__buf_1)
     1    0.00    0.04    0.07    0.61 ^ _091_/X (sky130_fd_sc_hd__buf_1)
                                         _013_ (net)
                  0.04    0.00    0.61 ^ _141_/D (sky130_fd_sc_hd__dfxtp_2)
                                  0.61   data arrival time

                  0.15    0.00    0.00   clock clk (rise edge)
                          0.00    0.00   clock network delay (ideal)
                          0.25    0.25   clock uncertainty
                          0.00    0.25   clock reconvergence pessimism
                                  0.25 ^ _141_/CLK (sky130_fd_sc_hd__dfxtp_2)
                         -0.02    0.23   library hold time
                                  0.23   data required time
-----------------------------------------------------------------------------
                                  0.23   data required time
                                 -0.61   data arrival time
-----------------------------------------------------------------------------
                                  0.37   slack (MET)


Startpoint: _144_ (rising edge-triggered flip-flop clocked by clk)
Endpoint: _144_ (rising edge-triggered flip-flop clocked by clk)
Path Group: clk
Path Type: min

Fanout     Cap    Slew   Delay    Time   Description
-----------------------------------------------------------------------------
                  0.15    0.00    0.00   clock clk (rise edge)
                          0.00    0.00   clock network delay (ideal)
                  0.15    0.00    0.00 ^ _144_/CLK (sky130_fd_sc_hd__dfxtp_2)
     5    0.01    0.06    0.35    0.35 ^ _144_/Q (sky130_fd_sc_hd__dfxtp_2)
                                         display.refresh_counter[9] (net)
                  0.06    0.00    0.35 ^ _098_/B1 (sky130_fd_sc_hd__a31o_2)
     1    0.00    0.03    0.09    0.44 ^ _098_/X (sky130_fd_sc_hd__a31o_2)
                                         _051_ (net)
                  0.03    0.00    0.44 ^ _099_/B (sky130_fd_sc_hd__and2b_2)
     1    0.00    0.03    0.12    0.55 ^ _099_/X (sky130_fd_sc_hd__and2b_2)
                                         _052_ (net)
                  0.03    0.00    0.55 ^ _100_/A (sky130_fd_sc_hd__buf_1)
     1    0.00    0.04    0.07    0.62 ^ _100_/X (sky130_fd_sc_hd__buf_1)
                                         _016_ (net)
                  0.04    0.00    0.62 ^ _144_/D (sky130_fd_sc_hd__dfxtp_2)
                                  0.62   data arrival time

                  0.15    0.00    0.00   clock clk (rise edge)
                          0.00    0.00   clock network delay (ideal)
                          0.25    0.25   clock uncertainty
                          0.00    0.25   clock reconvergence pessimism
                                  0.25 ^ _144_/CLK (sky130_fd_sc_hd__dfxtp_2)
                         -0.02    0.23   library hold time
                                  0.23   data required time
-----------------------------------------------------------------------------
                                  0.23   data required time
                                 -0.62   data arrival time
-----------------------------------------------------------------------------
                                  0.38   slack (MET)


Startpoint: _132_ (rising edge-triggered flip-flop clocked by clk)
Endpoint: _132_ (rising edge-triggered flip-flop clocked by clk)
Path Group: clk
Path Type: min

Fanout     Cap    Slew   Delay    Time   Description
-----------------------------------------------------------------------------
                  0.15    0.00    0.00   clock clk (rise edge)
                          0.00    0.00   clock network delay (ideal)
                  0.15    0.00    0.00 ^ _132_/CLK (sky130_fd_sc_hd__dfxtp_2)
     4    0.01    0.07    0.36    0.36 ^ _132_/Q (sky130_fd_sc_hd__dfxtp_2)
                                         display.digit_select[0] (net)
                  0.07    0.00    0.36 ^ _066_/A (sky130_fd_sc_hd__inv_2)
     4    0.01    0.03    0.04    0.40 v _066_/Y (sky130_fd_sc_hd__inv_2)
                                         _031_ (net)
                  0.03    0.00    0.40 v _125_/B1 (sky130_fd_sc_hd__o21ai_2)
     1    0.00    0.03    0.04    0.44 ^ _125_/Y (sky130_fd_sc_hd__o21ai_2)
                                         _026_ (net)
                  0.03    0.00    0.44 ^ _126_/B (sky130_fd_sc_hd__and2_2)
     1    0.00    0.04    0.12    0.56 ^ _126_/X (sky130_fd_sc_hd__and2_2)
                                         _027_ (net)
                  0.04    0.00    0.56 ^ _127_/A (sky130_fd_sc_hd__buf_1)
     1    0.00    0.04    0.07    0.62 ^ _127_/X (sky130_fd_sc_hd__buf_1)
                                         _017_ (net)
                  0.04    0.00    0.62 ^ _132_/D (sky130_fd_sc_hd__dfxtp_2)
                                  0.62   data arrival time

                  0.15    0.00    0.00   clock clk (rise edge)
                          0.00    0.00   clock network delay (ideal)
                          0.25    0.25   clock uncertainty
                          0.00    0.25   clock reconvergence pessimism
                                  0.25 ^ _132_/CLK (sky130_fd_sc_hd__dfxtp_2)
                         -0.02    0.23   library hold time
                                  0.23   data required time
-----------------------------------------------------------------------------
                                  0.23   data required time
                                 -0.62   data arrival time
-----------------------------------------------------------------------------
                                  0.39   slack (MET)


Startpoint: _132_ (rising edge-triggered flip-flop clocked by clk)
Endpoint: an[2] (output port clocked by clk)
Path Group: clk
Path Type: min

Fanout     Cap    Slew   Delay    Time   Description
-----------------------------------------------------------------------------
                  0.15    0.00    0.00   clock clk (rise edge)
                          0.00    0.00   clock network delay (ideal)
                  0.15    0.00    0.00 ^ _132_/CLK (sky130_fd_sc_hd__dfxtp_2)
     4    0.01    0.07    0.36    0.36 ^ _132_/Q (sky130_fd_sc_hd__dfxtp_2)
                                         display.digit_select[0] (net)
                  0.07    0.00    0.36 ^ _069_/A (sky130_fd_sc_hd__or3b_2)
     1    0.00    0.03    0.10    0.46 ^ _069_/X (sky130_fd_sc_hd__or3b_2)
                                         _033_ (net)
                  0.03    0.00    0.46 ^ _070_/A (sky130_fd_sc_hd__buf_1)
     1    0.03    0.40    0.31    0.77 ^ _070_/X (sky130_fd_sc_hd__buf_1)
                                         an[2] (net)
                  0.40    0.00    0.77 ^ an[2] (out)
                                  0.77   data arrival time

                  0.15    0.00    0.00   clock clk (rise edge)
                          0.00    0.00   clock network delay (ideal)
                          0.25    0.25   clock uncertainty
                          0.00    0.25   clock reconvergence pessimism
                         -2.00   -1.75   output external delay
                                 -1.75   data required time
-----------------------------------------------------------------------------
                                 -1.75   data required time
                                 -0.77   data arrival time
-----------------------------------------------------------------------------
                                  2.52   slack (MET)


Startpoint: _132_ (rising edge-triggered flip-flop clocked by clk)
Endpoint: an[0] (output port clocked by clk)
Path Group: clk
Path Type: min

Fanout     Cap    Slew   Delay    Time   Description
-----------------------------------------------------------------------------
                  0.15    0.00    0.00   clock clk (rise edge)
                          0.00    0.00   clock network delay (ideal)
                  0.15    0.00    0.00 ^ _132_/CLK (sky130_fd_sc_hd__dfxtp_2)
     4    0.01    0.07    0.36    0.36 ^ _132_/Q (sky130_fd_sc_hd__dfxtp_2)
                                         display.digit_select[0] (net)
                  0.07    0.00    0.36 ^ _064_/A (sky130_fd_sc_hd__or3_2)
     1    0.00    0.03    0.10    0.46 ^ _064_/X (sky130_fd_sc_hd__or3_2)
                                         _030_ (net)
                  0.03    0.00    0.46 ^ _065_/A (sky130_fd_sc_hd__buf_1)
     1    0.03    0.41    0.31    0.77 ^ _065_/X (sky130_fd_sc_hd__buf_1)
                                         an[0] (net)
                  0.41    0.00    0.78 ^ an[0] (out)
                                  0.78   data arrival time

                  0.15    0.00    0.00   clock clk (rise edge)
                          0.00    0.00   clock network delay (ideal)
                          0.25    0.25   clock uncertainty
                          0.00    0.25   clock reconvergence pessimism
                         -2.00   -1.75   output external delay
                                 -1.75   data required time
-----------------------------------------------------------------------------
                                 -1.75   data required time
                                 -0.78   data arrival time
-----------------------------------------------------------------------------
                                  2.53   slack (MET)


Startpoint: _133_ (rising edge-triggered flip-flop clocked by clk)
Endpoint: an[1] (output port clocked by clk)
Path Group: clk
Path Type: min

Fanout     Cap    Slew   Delay    Time   Description
-----------------------------------------------------------------------------
                  0.15    0.00    0.00   clock clk (rise edge)
                          0.00    0.00   clock network delay (ideal)
                  0.15    0.00    0.00 ^ _133_/CLK (sky130_fd_sc_hd__dfxtp_2)
     6    0.01    0.08    0.37    0.37 ^ _133_/Q (sky130_fd_sc_hd__dfxtp_2)
                                         display.digit_select[1] (net)
                  0.08    0.00    0.37 ^ _067_/C (sky130_fd_sc_hd__or3_2)
     1    0.00    0.03    0.10    0.47 ^ _067_/X (sky130_fd_sc_hd__or3_2)
                                         _032_ (net)
                  0.03    0.00    0.47 ^ _068_/A (sky130_fd_sc_hd__buf_1)
     1    0.03    0.41    0.31    0.78 ^ _068_/X (sky130_fd_sc_hd__buf_1)
                                         an[1] (net)
                  0.41    0.00    0.78 ^ an[1] (out)
                                  0.78   data arrival time

                  0.15    0.00    0.00   clock clk (rise edge)
                          0.00    0.00   clock network delay (ideal)
                          0.25    0.25   clock uncertainty
                          0.00    0.25   clock reconvergence pessimism
                         -2.00   -1.75   output external delay
                                 -1.75   data required time
-----------------------------------------------------------------------------
                                 -1.75   data required time
                                 -0.78   data arrival time
-----------------------------------------------------------------------------
                                  2.53   slack (MET)


Startpoint: _132_ (rising edge-triggered flip-flop clocked by clk)
Endpoint: an[3] (output port clocked by clk)
Path Group: clk
Path Type: min

Fanout     Cap    Slew   Delay    Time   Description
-----------------------------------------------------------------------------
                  0.15    0.00    0.00   clock clk (rise edge)
                          0.00    0.00   clock network delay (ideal)
                  0.15    0.00    0.00 ^ _132_/CLK (sky130_fd_sc_hd__dfxtp_2)
     4    0.01    0.04    0.35    0.35 v _132_/Q (sky130_fd_sc_hd__dfxtp_2)
                                         display.digit_select[0] (net)
                  0.04    0.00    0.35 v _071_/A (sky130_fd_sc_hd__nand2_2)
     2    0.00    0.03    0.05    0.39 ^ _071_/Y (sky130_fd_sc_hd__nand2_2)
                                         _034_ (net)
                  0.03    0.00    0.39 ^ _072_/B (sky130_fd_sc_hd__or2_2)
     1    0.00    0.03    0.08    0.47 ^ _072_/X (sky130_fd_sc_hd__or2_2)
                                         _035_ (net)
                  0.03    0.00    0.47 ^ _073_/A (sky130_fd_sc_hd__buf_1)
     1    0.03    0.40    0.31    0.78 ^ _073_/X (sky130_fd_sc_hd__buf_1)
                                         an[3] (net)
                  0.40    0.00    0.78 ^ an[3] (out)
                                  0.78   data arrival time

                  0.15    0.00    0.00   clock clk (rise edge)
                          0.00    0.00   clock network delay (ideal)
                          0.25    0.25   clock uncertainty
                          0.00    0.25   clock reconvergence pessimism
                         -2.00   -1.75   output external delay
                                 -1.75   data required time
-----------------------------------------------------------------------------
                                 -1.75   data required time
                                 -0.78   data arrival time
-----------------------------------------------------------------------------
                                  2.53   slack (MET)



worst slack corner Typical: 0.1487
